===================================
   Powerball OCR Extraction Test
   Testing on Multiple Images
===================================


============================================================
Testing: 7C9E3D7E-BD6B-43A5-8300-54B6A09F5CB2.JPG
============================================================
Starting smart multi-attempt OCR...
  Stage: trying 1 rotations × 2 preproc × 2 PSM
  Trying: rot=0°, PSM=3, preproc=none

=== OCR Text ===
\ \ : ! ! ’ ya
\ | :
\ 3
PR nes oN & .
AN PS
— Codey Ly i
} — | OE8BES | mmishoe EE
& fed | CT SR —
CC oNO0O | ESEETRE =
; ._ @) | 5 > gre T] 5 a rs S —
nd: A FJ= NONOC fs 17 x" oh = = —
S03 — [@L | a | 5 i : wT tm =
a = ET SECA | [=] TR [=] = Bs —
uo = DD ——
ie al Ske T= 3 TOND~D) | ~ = ea ——
A / Ll co Ol ! CO oO QB (9h i — —
A = w— “mam 5 A —O0OTLOWN I re) OD I ~~ © =
| O Soke Bo =e 5 2o5bh —
i CO EU a —— Eg OO RE Sl ONO I Lo ET 2 i oo —
YR el » em
| 2 ap 2 5 Ses EB e=8F LI 2538 =
i Zz Ti == F 2) 20ON0I0Nm = HD To = cis Pe
= CE XL 2 EYMONN |S NEE —
A S == 5= 2 al = SUS, Se. —
wa = Rs a | & She oC
Hn EH == = 1 ON—QN=) == —
NI o = =t = Ss —_—
AN ==
Hl = ONO | 22 =
LL — 7 (alleles) =
Nn pe | sam=a) 23
Sa NO ANSLSEINN 2 HMOJANMILIOINNW NOD AUILIOTNW NOD'AMI LILO TNK

================


=== Pre-processed Text ===
\ \ : ! ! ’ ya
\ | :
\ 3
PR nes oN & .
AN PS
— Codey Ly i
} — | OE8BES | mmishoe EE
& fed | CT SR —
CC oNO0O | ESEETRE =
; ._ @) | 5 > gre T] 5 a rs S —
nd: A FJ= NONOC fs 17 x" oh = = —
S03 — [@L | a | 5 i : wT tm =
a = ET SECA | [=] TR [=] = Bs —
uo = DD ——
ie al Ske T= 3 TOND~D) | ~ = ea ——
A / Ll co Ol ! CO oO QB (9h i — —
A = w— “maPB 5 A —00OTLOWN I re) OD I ~~ © =
| O Soke Bo =e 5 2o5bh —
i CO EU a —— Eg OO RE Sl ONO I Lo ET 2 i oo —
YR el » em
| 2 ap 2 5 Ses EB e=8F LI 25 38 =
i Zz Ti == F 2) 20ON0I0Nm = HD To = cis Pe
= CE XL 2 EYMONN |S NEE —
A S == 5= 2 al = SUS, Se. —
wa = Rs a | & She oC
Hn EH == = 1 ON—QN=) == —
NI o = =t = Ss —_—
AN ==
Hl = ONO | 22 =
LL — 7 (alleles) =
Nn pe | sam=a) 23
Sa NO ANSLSEINN 2 HMOJANMILIOINNW NOD AUILIOTNW NOD'AMI LILO TNK

==========================

Processing lines for lottery plays...

Line 20: "| 2 ap 2 5 Ses EB e=8F LI 25 38 ="
  Valid numbers: 2, 2, 5, 8, 25, 38
  ✗ White balls not unique: 2, 2, 5, 8, 25

PB marker approach found 0 plays, trying consecutive grouping...
Valid numbers: 3, 8, 5, 5, 17, 3, 5, 3, 9, 5, 5, 2, 5, 2, 2, 2, 5, 8, 25, 38, 2, 20, 2, 5, 2, 1, 22, 7, 23, 2
Found play: 2, 5, 8, 25, 38 + PB 2
Found play: 1, 2, 5, 7, 22 + PB 23

Total plays extracted: 2
    → conf=33%, plays=2
  Trying: rot=0°, PSM=6, preproc=none

=== OCR Text ===
\ \ : ! ! ’ ya
\ | :
\ 3
PR nes oN & .
AN PS
— Codey Ly i
} — | OE8BES | mmishoe EE
& fed | CT SR —
CC oNO0O | ESEETRE =
; ._ @) | 5 > gre T] 5 a rs S —
nd: A FJ= NONOC fs 17 x" oh = = —
S03 — [@L | a | 5 i : wT tm =
a = ET SECA | [=] TR [=] = Bs —
uo = DD ——
ie al Ske T= 3 TOND~D) | ~ = ea ——
A / Ll co Ol ! CO oO QB (9h i — —
A = w— “mam 5 A —O0OTLOWN I re) OD I ~~ © =
| O Soke Bo =e 5 2o5bh —
i CO EU a —— Eg OO RE Sl ONO I Lo ET 2 i oo —
YR el » em
| 2 ap 2 5 Ses EB e=8F LI 2538 =
i Zz Ti == F 2) 20ON0I0Nm = HD To = cis Pe
= CE XL 2 EYMONN |S NEE —
A S == 5= 2 al = SUS, Se. —
wa = Rs a | & She oC
Hn EH == = 1 ON—QN=) == —
NI o = =t = Ss —_—
AN ==
Hl = ONO | 22 =
LL — 7 (alleles) =
Nn pe | sam=a) 23
Sa NO ANSLSEINN 2 HMOJANMILIOINNW NOD AUILIOTNW NOD'AMI LILO TNK

================


=== Pre-processed Text ===
\ \ : ! ! ’ ya
\ | :
\ 3
PR nes oN & .
AN PS
— Codey Ly i
} — | OE8BES | mmishoe EE
& fed | CT SR —
CC oNO0O | ESEETRE =
; ._ @) | 5 > gre T] 5 a rs S —
nd: A FJ= NONOC fs 17 x" oh = = —
S03 — [@L | a | 5 i : wT tm =
a = ET SECA | [=] TR [=] = Bs —
uo = DD ——
ie al Ske T= 3 TOND~D) | ~ = ea ——
A / Ll co Ol ! CO oO QB (9h i — —
A = w— “maPB 5 A —00OTLOWN I re) OD I ~~ © =
| O Soke Bo =e 5 2o5bh —
i CO EU a —— Eg OO RE Sl ONO I Lo ET 2 i oo —
YR el » em
| 2 ap 2 5 Ses EB e=8F LI 25 38 =
i Zz Ti == F 2) 20ON0I0Nm = HD To = cis Pe
= CE XL 2 EYMONN |S NEE —
A S == 5= 2 al = SUS, Se. —
wa = Rs a | & She oC
Hn EH == = 1 ON—QN=) == —
NI o = =t = Ss —_—
AN ==
Hl = ONO | 22 =
LL — 7 (alleles) =
Nn pe | sam=a) 23
Sa NO ANSLSEINN 2 HMOJANMILIOINNW NOD AUILIOTNW NOD'AMI LILO TNK

==========================

Processing lines for lottery plays...

Line 20: "| 2 ap 2 5 Ses EB e=8F LI 25 38 ="
  Valid numbers: 2, 2, 5, 8, 25, 38
  ✗ White balls not unique: 2, 2, 5, 8, 25

PB marker approach found 0 plays, trying consecutive grouping...
Valid numbers: 3, 8, 5, 5, 17, 3, 5, 3, 9, 5, 5, 2, 5, 2, 2, 2, 5, 8, 25, 38, 2, 20, 2, 5, 2, 1, 22, 7, 23, 2
Found play: 2, 5, 8, 25, 38 + PB 2
Found play: 1, 2, 5, 7, 22 + PB 23

Total plays extracted: 2
    → conf=33%, plays=2
  Trying: rot=0°, PSM=3, preproc=default

=== OCR Text ===
\
| i \
| | $
\ : {bit su AA E

’ \ ; \ | \

Hi 3 © | ng ph
Re eo =e ie a
n LE= os QCneE ERE |
a J = = = S008 Hakan =
Hk — = t= OF safaafaal eT Ep re £3 S ——
EEC) memes chu 8 © =
I @) t= wg 0 2 < =] K Oak ol £ o —
vi ty CC . Emme)
Gam = <= mg SE SD I ad = = = LAD ——
hit I= == 2 3) ==00 | = GE mo er
ae = > OM | (em | (SRS fF == br
RL 2 pep) mE |= | Ee —— Ww ad © —
Lh — nw EB = = OMT | = (mee | SELL wl Cass ————
ny 25 XE 2 BES he Ga SE Se ==
hn = m= Bad im = i550 —
i 7 SHEE Sy Hos0un i= @ EE
NU = (vo @) .

AR Ts =, ————
1 E ml Ee = L es=(Y) SE = sa —
ER ’ T= i —vr=_\] | —cN lax | CH — -—
WH 5) & O Ne Ee —
Ql = | NN | 2 | = = oO > —
a =e | | 2 0S == 5 =
I = i ONO | == = ono =
Ea. =  ONOOO | =i = E—
NL — Qt ry Fee ann CO = CO =5 —
Webs SENNA 30 YUN rT Samo | 3e¥=] ——

§ SESE SET EE CT "A s

TURRET 1 er ———

RR oa | | D’'AMILLOINMK

================


=== Pre-processed Text ===
\
| i \
| | $
\ : {bit su AA E

’ \ ; \ | \

Hi 3 © | ng ph
Re eo =e ie a
n LE= os QCneE ERE |
a J = = = S008 Hakan =
Hk — = t= OF safaafaal eT Ep re £3 S ——
EEC) memes chu 8 © =
I @) t= wg 0 2 < =] K Oak ol £ o —
vi ty CC . Emme)
Gam = <= mg SE SD I ad = = = LAD ——
hit I= == 2 3) ==00 | = GE mo er
ae = > OM | (em | (SRS fF == br
RL 2 pep) mE |= | Ee —— Ww ad © —
Lh — nw EB = = OMT | = (mee | SELL wl Cass ————
ny 25 XE 2 BES he Ga SE Se ==
hn = m= Bad im = i550 —
i 7 SHEE Sy Hos0un i= @ EE
NU = (vo @) .

AR Ts =, ————
1 E ml Ee = L es=(Y) SE = sa —
ER ’ T= i —vr=_\] | —cN lax | CH — -—
WH 5) & O Ne Ee —
Ql = | NN | 2 | = = oO > —
a =e | | 2 0S == 5 =
I = i ONO | == = ono =
Ea. =  ONOOO | =i = E—
NL — Qt ry Fee ann CO = CO =5 —
Webs SENNA 30 YUN rT Samo | 3e¥=] ——

§ SESE SET EE CT "A s

TURRET 1 er ———

RR oa | | D’'AMILLOINMK

==========================

Processing lines for lottery plays...


PB marker approach found 0 plays, trying consecutive grouping...
Valid numbers: 3, 8, 3, 8, 2, 2, 3, 2, 25, 2, 7, 1, 5, 2, 2, 5, 5, 30, 3, 1
Found play: 1, 2, 5, 7, 25 + PB 2

Total plays extracted: 1
    → conf=35%, plays=1
  Trying: rot=0°, PSM=6, preproc=default

=== OCR Text ===
\
| i \
| | $
\ : {bit su AA E

’ \ ; \ | \

Hi 3 © | ng ph
Re eo =e ie a
n LE= os QCneE ERE |
a J = = = S008 Hakan =
Hk — = t= OF safaafaal eT Ep re £3 S ——
EEC) memes chu 8 © =
I @) t= wg 0 2 < =] K Oak ol £ o —
vi ty CC . Emme)
Gam = <= mg SE SD I ad = = = LAD ——
hit I= == 2 3) ==00 | = GE mo er
ae = > OM | (em | (SRS fF == br
RL 2 pep) mE |= | Ee —— Ww ad © —
Lh — nw EB = = OMT | = (mee | SELL wl Cass ————
ny 25 XE 2 BES he Ga SE Se ==
hn = m= Bad im = i550 —
i 7 SHEE Sy Hos0un i= @ EE
NU = (vo @) .

AR Ts =, ————
1 E ml Ee = L es=(Y) SE = sa —
ER ’ T= i —vr=_\] | —cN lax | CH — -—
WH 5) & O Ne Ee —
Ql = | NN | 2 | = = oO > —
a =e | | 2 0S == 5 =
I = i ONO | == = ono =
Ea. =  ONOOO | =i = E—
NL — Qt ry Fee ann CO = CO =5 —
Webs SENNA 30 YUN rT Samo | 3e¥=] ——

§ SESE SET EE CT "A s

TURRET 1 er ———

RR oa | | D’'AMILLOINMK

================


=== Pre-processed Text ===
\
| i \
| | $
\ : {bit su AA E

’ \ ; \ | \

Hi 3 © | ng ph
Re eo =e ie a
n LE= os QCneE ERE |
a J = = = S008 Hakan =
Hk — = t= OF safaafaal eT Ep re £3 S ——
EEC) memes chu 8 © =
I @) t= wg 0 2 < =] K Oak ol £ o —
vi ty CC . Emme)
Gam = <= mg SE SD I ad = = = LAD ——
hit I= == 2 3) ==00 | = GE mo er
ae = > OM | (em | (SRS fF == br
RL 2 pep) mE |= | Ee —— Ww ad © —
Lh — nw EB = = OMT | = (mee | SELL wl Cass ————
ny 25 XE 2 BES he Ga SE Se ==
hn = m= Bad im = i550 —
i 7 SHEE Sy Hos0un i= @ EE
NU = (vo @) .

AR Ts =, ————
1 E ml Ee = L es=(Y) SE = sa —
ER ’ T= i —vr=_\] | —cN lax | CH — -—
WH 5) & O Ne Ee —
Ql = | NN | 2 | = = oO > —
a =e | | 2 0S == 5 =
I = i ONO | == = ono =
Ea. =  ONOOO | =i = E—
NL — Qt ry Fee ann CO = CO =5 —
Webs SENNA 30 YUN rT Samo | 3e¥=] ——

§ SESE SET EE CT "A s

TURRET 1 er ———

RR oa | | D’'AMILLOINMK

==========================

Processing lines for lottery plays...


PB marker approach found 0 plays, trying consecutive grouping...
Valid numbers: 3, 8, 3, 8, 2, 2, 3, 2, 25, 2, 7, 1, 5, 2, 2, 5, 5, 30, 3, 1
Found play: 1, 2, 5, 7, 25 + PB 2

Total plays extracted: 1
    → conf=35%, plays=1
  Stage: trying 3 rotations × 1 preproc × 2 PSM
  Trying: rot=90°, PSM=3, preproc=none
Image too small to scale!! (2x36 vs min width of 3)

=== OCR Text ===
§ ae
a MINNESOTA wr
Bn |
NB PowWEerRD
Lim 8 g |
: <i 72 |& : a Sn
Eg SCAN THIS BARCODE T0
oe CHECK TICKETS ON LOTTERY APP =
EE — [ll freab MRSA ER OE A ILL
a 2CYD-VTDV-DHD#-#348-9C54-RAPH
—— 3132-015877384-129632 =
| EE Denes aes Ge Ue
= POAER PLAY M0
BN (0) 06 O07 46 59 64 26
0222 23 37 38 6207 6
W307 T1 38 40 49mM26 1B §
| C0205 21 25 27 H1 B05
BR (504 12 23 46 59 P06 6 :
v MON DEC 15 25
[>= Sis Tks LE
EF gga
730634000 S10.00 sare
FES | piveiie 87
19 | 129632 Thee |
| Yiinsn
Zz ih
1
WYM75%-506RC T-DMHX37-3MVH3K-AX0
x Check your ticket!
| For winning numbers, go to ;
© nnlottery.com or visit
x any lottery retailer.
@ =
| |
™~
[ p= 5
Sm [A RG
| dd ; 8
B :

================


=== Pre-processed Text ===
§ ae
a MINNESOTA wr
Bn |
NB PowWEerRD
LiPB 8 g |
: <i 12 |& : a Sn
Eg SCAN THIS BARCODE T0
oe CHECK TICKETS ON LOTTERY APP =
EE — [ll freab MRSA ER OE A ILL
a 2CYD-VTDV-DHD#-#348-9C54-RAPH
—— 31 32-01 58 77 38 4-12 96 32 =
| EE Denes aes Ge Ue
= POAER PLAY PB 0
BN (0) 06 007 46 59 64 26
02 22 23 37 38 62 07 6
W307 T1 38 40 49 PB 26 1 §
| C02 05 21 25 27 H1 PB 05
BR (504 12 23 46 59 P06 6 :
v MON DEC 15 25
[>= Sis Tks LE
EF gga
73 06 34 00 0 S10.00 sare
FES | piveiie 87
19 | 12 96 32 Thee |
| Yiinsn
Zz ih
1
WYPB 75%-506RC T-DMHX37-3MVH3K-AX0
x Check your ticket!
| For winning numbers, go to ;
© nnlottery.com or visit
x any lottery retailer.
@ =
| |
™~
[ p= 5
Sm [A RG
| dd ; 8
B :

==========================

Processing lines for lottery plays...

Line 10: "—— 31 32-01 58 77 38 4-12 96 32 ="
  Valid numbers: 31, 32, 1, 58, 38, 4, 12, 32
  ✗ Invalid powerball: 32
Line 13: "BN (0) 06 007 46 59 64 26"
  Valid numbers: 6, 7, 46, 59, 64, 26
  ✓ Found play: 6, 7, 46, 59, 64 + PB 26
Line 14: "02 22 23 37 38 62 07 6"
  Valid numbers: 2, 22, 23, 37, 38, 62, 7, 6
  ✓ Found play: 7, 23, 37, 38, 62 + PB 6
Line 15: "W307 T1 38 40 49 PB 26 1 §"
  Valid numbers: 1, 38, 40, 49, 26, 1
  Found PB marker with powerball: 26 at index 4
  ✓ Found play: 1, 26, 38, 40, 49 + PB 26
Line 16: "| C02 05 21 25 27 H1 PB 05"
  Valid numbers: 2, 5, 21, 25, 27, 1, 5
  Found PB marker with powerball: 5 at index 1
  ✓ Found play: 1, 5, 21, 25, 27 + PB 5
Line 17: "BR (504 12 23 46 59 P06 6 :"
  Valid numbers: 12, 23, 46, 59, 6, 6
  ✓ Found play: 6, 12, 23, 46, 59 + PB 6

Total plays extracted: 5
    → conf=49%, plays=5
  Trying: rot=90°, PSM=6, preproc=none
Line cannot be recognized!!
Image too small to scale!! (2x36 vs min width of 3)

=== OCR Text ===
§ ae
a MINNESOTA wr
Bn |
NB PowWEerRD
Lim 8 g |
: <i 72 |& : a Sn
Eg SCAN THIS BARCODE T0
oe CHECK TICKETS ON LOTTERY APP =
EE — [ll freab MRSA ER OE A ILL
a 2CYD-VTDV-DHD#-#348-9C54-RAPH
—— 3132-015877384-129632 =
| EE Denes aes Ge Ue
= POAER PLAY M0
BN (0) 06 O07 46 59 64 26
0222 23 37 38 6207 6
W307 T1 38 40 49mM26 1B §
| C0205 21 25 27 H1 B05
BR (504 12 23 46 59 P06 6 :
v MON DEC 15 25
[>= Sis Tks LE
EF gga
730634000 S10.00 sare
FES | piveiie 87
19 | 129632 Thee |
| Yiinsn
Zz ih
1
WYM75%-506RC T-DMHX37-3MVH3K-AX0
x Check your ticket!
| For winning numbers, go to ;
© nnlottery.com or visit
x any lottery retailer.
@ =
| |
™~
[ p= 5
Sm [A RG
| dd ; 8
B :

================


=== Pre-processed Text ===
§ ae
a MINNESOTA wr
Bn |
NB PowWEerRD
LiPB 8 g |
: <i 12 |& : a Sn
Eg SCAN THIS BARCODE T0
oe CHECK TICKETS ON LOTTERY APP =
EE — [ll freab MRSA ER OE A ILL
a 2CYD-VTDV-DHD#-#348-9C54-RAPH
—— 31 32-01 58 77 38 4-12 96 32 =
| EE Denes aes Ge Ue
= POAER PLAY PB 0
BN (0) 06 007 46 59 64 26
02 22 23 37 38 62 07 6
W307 T1 38 40 49 PB 26 1 §
| C02 05 21 25 27 H1 PB 05
BR (504 12 23 46 59 P06 6 :
v MON DEC 15 25
[>= Sis Tks LE
EF gga
73 06 34 00 0 S10.00 sare
FES | piveiie 87
19 | 12 96 32 Thee |
| Yiinsn
Zz ih
1
WYPB 75%-506RC T-DMHX37-3MVH3K-AX0
x Check your ticket!
| For winning numbers, go to ;
© nnlottery.com or visit
x any lottery retailer.
@ =
| |
™~
[ p= 5
Sm [A RG
| dd ; 8
B :

==========================

Processing lines for lottery plays...

Line 10: "—— 31 32-01 58 77 38 4-12 96 32 ="
  Valid numbers: 31, 32, 1, 58, 38, 4, 12, 32
  ✗ Invalid powerball: 32
Line 13: "BN (0) 06 007 46 59 64 26"
  Valid numbers: 6, 7, 46, 59, 64, 26
  ✓ Found play: 6, 7, 46, 59, 64 + PB 26
Line 14: "02 22 23 37 38 62 07 6"
  Valid numbers: 2, 22, 23, 37, 38, 62, 7, 6
  ✓ Found play: 7, 23, 37, 38, 62 + PB 6
Line 15: "W307 T1 38 40 49 PB 26 1 §"
  Valid numbers: 1, 38, 40, 49, 26, 1
  Found PB marker with powerball: 26 at index 4
  ✓ Found play: 1, 26, 38, 40, 49 + PB 26
Line 16: "| C02 05 21 25 27 H1 PB 05"
  Valid numbers: 2, 5, 21, 25, 27, 1, 5
  Found PB marker with powerball: 5 at index 1
  ✓ Found play: 1, 5, 21, 25, 27 + PB 5
Line 17: "BR (504 12 23 46 59 P06 6 :"
  Valid numbers: 12, 23, 46, 59, 6, 6
  ✓ Found play: 6, 12, 23, 46, 59 + PB 6

Total plays extracted: 5
    → conf=49%, plays=5
Line cannot be recognized!!
  Trying: rot=180°, PSM=3, preproc=none

=== OCR Text ===
3 Loa nd with ithe | Sb ERR A ERE LAK ' EAR SR RE ER RR
MNLOTTERY.COM MNLOTTERY.COM MNLOTTERY.COM MRELOI TERR LOM
CEs ioEnss. 1p. oN
— c= Co BH
— = wg  SO=NO rE A
— =) AES S= iE = 2 Bis
CoE——— AR
= BE oo. rie I B= =~ i
= 2 = N==WN ed es Al
= E> w | = 3 A
= “232 & Bp | 82 == a= < &
—_— =) =< | << — AR
— S522 23 SI NNWWAS |S T IX 22 >
= Tol OE gO? WUNDERS on 2 === OF il
- ee 0 < NINE oO | Oo im OO == Uo; TT Hi
— Tos oO Sl —) = Ts EN ag am Bi
— Foc 5 x So CANDO om me 22 mE
EEE 2 ol ONOQO== x = EZ 8 m oo &
ee Em SOF SYED =) "2 a == S85 @) Ha
ee = ol wo >» LIO1IR0I0)— © © F= = | —
me aah — Te (IY) 1 53 iN | (@p) al —0— fA
—_— doa— = iN | O=0ON 15 m= 25 >
Ee — —] —&% - a- --3 | | Oo i Fe)
— es = Ofsatars jal] | TemeiE =e | iS = % Ee
ee oO Hy ppp | = Rey
—— = Be , LE LF OONON = EE iy

— = Ry Caso OYO)~NO) — :

i “on Rmhin a x | FEE 2 3

= Se aed | ODDs — 7
Rika soooo | ==
TL PO ym oie 2] C1
\ ) N $34 ;
\ \
\ v | i
CTRTTRISR rR , \ : |

================


=== Pre-processed Text ===
3 Loa nd with ithe | Sb ERR A ERE LAK ' EAR SR RE ER RR
MNLOTTERY.COM MNLOTTERY.COM MNLOTTERY.COM MRELOI TERR LOM
CEs ioEnss. 1p. oN
— c= Co BH
— = wg  SO=NO rE A
— =) AES S= iE = 2 Bis
CoE——— AR
= BE oo. rie I B= =~ i
= 2 = N==WN ed es Al
= E> w | = 3 A
= “232 & Bp | 82 == a= < &
—_— =) =< | << — AR
— S522 23 SI NNWWAS |S T IX 22 >
= Tol OE gO? WUNDERS on 2 === OF il
- ee 0 < NINE oO | Oo im OO == Uo; TT Hi
— Tos oO Sl —) = Ts EN ag am Bi
— Foc 5 x So CANDO om me 22 mE
EEE 2 ol ONOQO== x = EZ 8 m oo &
ee Em SOF SYED =) "2 a == S85 @) Ha
ee = ol wo >» LIO1IR0I0)— © © F= = | —
me aah — Te (IY) 1 53 iN | (@p) al —0— fA
—_— doa— = iN | O=0ON 15 m= 25 >
Ee — —] —&% - a- --3 | | Oo i Fe)
— es = Ofsatars jal] | TemeiE =e | iS = % Ee
ee oO Hy ppp | = Rey
—— = Be , LE LF OONON = EE iy

— = Ry Caso OYO)~NO) — :

i “on Rmhin a x | FEE 2 3

= Se aed | ODDs — 7
Rika soooo | ==
TL PO ym oie 2] C1
\ ) N $34 ;
\ \
\ v | i
CTRTTRISR rR , \ : |

==========================

Processing lines for lottery plays...


PB marker approach found 0 plays, trying consecutive grouping...
Valid numbers: 3, 1, 2, 2, 3, 23, 22, 2, 5, 22, 2, 8, 2, 1, 1, 53, 15, 25, 3, 2, 3, 7, 2, 1, 34
Found play: 2, 3, 5, 22, 23 + PB 22
Found play: 1, 3, 15, 25, 53 + PB 2

Total plays extracted: 2
    → conf=36%, plays=2
  Trying: rot=180°, PSM=6, preproc=none

=== OCR Text ===
3 Loa nd with ithe | Sb ERR A ERE LAK ' EAR SR RE ER RR
MNLOTTERY.COM MNLOTTERY.COM MNLOTTERY.COM MRELOI TERR LOM
CEs ioEnss. 1p. oN
— c= Co BH
— = wg  SO=NO rE A
— =) AES S= iE = 2 Bis
CoE——— AR
= BE oo. rie I B= =~ i
= 2 = N==WN ed es Al
= E> w | = 3 A
= “232 & Bp | 82 == a= < &
—_— =) =< | << — AR
— S522 23 SI NNWWAS |S T IX 22 >
= Tol OE gO? WUNDERS on 2 === OF il
- ee 0 < NINE oO | Oo im OO == Uo; TT Hi
— Tos oO Sl —) = Ts EN ag am Bi
— Foc 5 x So CANDO om me 22 mE
EEE 2 ol ONOQO== x = EZ 8 m oo &
ee Em SOF SYED =) "2 a == S85 @) Ha
ee = ol wo >» LIO1IR0I0)— © © F= = | —
me aah — Te (IY) 1 53 iN | (@p) al —0— fA
—_— doa— = iN | O=0ON 15 m= 25 >
Ee — —] —&% - a- --3 | | Oo i Fe)
— es = Ofsatars jal] | TemeiE =e | iS = % Ee
ee oO Hy ppp | = Rey
—— = Be , LE LF OONON = EE iy

— = Ry Caso OYO)~NO) — :

i “on Rmhin a x | FEE 2 3

= Se aed | ODDs — 7
Rika soooo | ==
TL PO ym oie 2] C1
\ ) N $34 ;
\ \
\ v | i
CTRTTRISR rR , \ : |

================


=== Pre-processed Text ===
3 Loa nd with ithe | Sb ERR A ERE LAK ' EAR SR RE ER RR
MNLOTTERY.COM MNLOTTERY.COM MNLOTTERY.COM MRELOI TERR LOM
CEs ioEnss. 1p. oN
— c= Co BH
— = wg  SO=NO rE A
— =) AES S= iE = 2 Bis
CoE——— AR
= BE oo. rie I B= =~ i
= 2 = N==WN ed es Al
= E> w | = 3 A
= “232 & Bp | 82 == a= < &
—_— =) =< | << — AR
— S522 23 SI NNWWAS |S T IX 22 >
= Tol OE gO? WUNDERS on 2 === OF il
- ee 0 < NINE oO | Oo im OO == Uo; TT Hi
— Tos oO Sl —) = Ts EN ag am Bi
— Foc 5 x So CANDO om me 22 mE
EEE 2 ol ONOQO== x = EZ 8 m oo &
ee Em SOF SYED =) "2 a == S85 @) Ha
ee = ol wo >» LIO1IR0I0)— © © F= = | —
me aah — Te (IY) 1 53 iN | (@p) al —0— fA
—_— doa— = iN | O=0ON 15 m= 25 >
Ee — —] —&% - a- --3 | | Oo i Fe)
— es = Ofsatars jal] | TemeiE =e | iS = % Ee
ee oO Hy ppp | = Rey
—— = Be , LE LF OONON = EE iy

— = Ry Caso OYO)~NO) — :

i “on Rmhin a x | FEE 2 3

= Se aed | ODDs — 7
Rika soooo | ==
TL PO ym oie 2] C1
\ ) N $34 ;
\ \
\ v | i
CTRTTRISR rR , \ : |

==========================

Processing lines for lottery plays...


PB marker approach found 0 plays, trying consecutive grouping...
Valid numbers: 3, 1, 2, 2, 3, 23, 22, 2, 5, 22, 2, 8, 2, 1, 1, 53, 15, 25, 3, 2, 3, 7, 2, 1, 34
Found play: 2, 3, 5, 22, 23 + PB 22
Found play: 1, 3, 15, 25, 53 + PB 2

Total plays extracted: 2
    → conf=36%, plays=2
  Trying: rot=270°, PSM=3, preproc=none

=== OCR Text ===
; p 4
Sika £
ie ~~ |
= TREE
: + |
: m
He 2]
*Ja| LR18] AJB1]0| AUE
; 11SLA JO Wod* AJ8lio|ul 0
: 01 0B ‘sJagunu BULUULH JOH z
1183011 JNOA %98Y] |
OXD-YBGANE-LEXHA- LOMIDG-AGLHAN
3
pa ~|
| i 76967 1-78ELLBGL0-TE LE o
eal! 90:Z1Gl GZ/vl/Cl Hp:
poems 0001S m
Goad z
Gz Gl 030 NOW 0
: | 2 0 90 1 6G 9¥ EZ 21 +0 500 :
3M GOW LG 22 SZ LZ SO i
ld Ph ocd6k OF 8E LL LO EX
Mm 20 9d 29 8E LE EZ 22 iE
: gn 92 9d ¥9 69 9 10 90 100--
| INTE
= 29621 -BELLBGL0-CELE N_
#dpH-VG0B-3YE#-BOHO-NALA-CAJC BN
BB =
: se 1] . an
IEE ARTE ALL |
NE
: ddv A¥LLOT NO SLFYITL YI3HO fi Ao
OL J000YvA SIAL N¥3S Sem
| Fi
| hes | y
= a 20@mod =
;
Vv LOSANNIA ee |
ey a

================


=== Pre-processed Text ===
; p 4
Sika £
ie ~~ |
= TREE
: + |
: m
He 2]
*Ja| LR18] AJB1]0| AUE
; 11SLA JO Wod* AJ8lio|ul 0
: 01 0 ‘sJagunu BULUULH JOH z
11 83 01 1 JNOA %98Y] |
OXD-YBGANE-LEXHA- LOMIDG-AGLHAN
3
pa ~|
| i 76 96 7 1-78ELLBGL0-TE LE o
eal! 90:Z1Gl GZ/vl/Cl Hp:
poems 00 01S m
Goad z
Gz Gl 030 NOW 0
: | 2 0 90 1 6G 9¥ EZ 21 +0 500 :
3M GOW LG 22 SZ LZ SO i
ld Ph ocd6k OF 8E LL LO EX
PB 20 9d 29 8E LE EZ 22 iE
: gn 92 9d ¥9 69 9 10 90 100--
| INTE
= 29 62 1 -BELLBGL0-CELE N_
#dpH-VG0-3YE#-BOHO-NALA-CAJC BN
BB =
: se 1] . an
IEE ARTE ALL |
NE
: ddv A¥LLOT NO SLFYITL YI3HO fi Ao
OL J000YvA SIAL N¥3S Sem
| Fi
| hes | y
= a 20@mod =
;
Vv LOSANNIA ee |
ey a

==========================

Processing lines for lottery plays...


PB marker approach found 0 plays, trying consecutive grouping...
Valid numbers: 4, 2, 18, 1, 11, 8, 1, 11, 1, 1, 3, 7, 1, 1, 1, 30, 2, 1, 6, 9, 21, 3, 22, 6, 8, 20, 9, 29, 8, 22, 9, 9, 69, 9, 10, 29, 62, 1, 3, 1, 3, 3, 20
Found play: 1, 2, 4, 11, 18 + PB 8
Found play: 1, 2, 6, 9, 30 + PB 21
Found play: 3, 6, 8, 20, 22 + PB 9
Found play: 9, 10, 29, 62, 69 + PB 1

Total plays extracted: 4
    → conf=40%, plays=4
  Trying: rot=270°, PSM=6, preproc=none

=== OCR Text ===
; p 4
Sika £
ie ~~ |
= TREE
: + |
: m
He 2]
*Ja| LR18] AJB1]0| AUE
; 11SLA JO Wod* AJ8lio|ul 0
: 01 0B ‘sJagunu BULUULH JOH z
1183011 JNOA %98Y] |
OXD-YBGANE-LEXHA- LOMIDG-AGLHAN
3
pa ~|
| i 76967 1-78ELLBGL0-TE LE o
eal! 90:Z1Gl GZ/vl/Cl Hp:
poems 0001S m
Goad z
Gz Gl 030 NOW 0
: | 2 0 90 1 6G 9¥ EZ 21 +0 500 :
3M GOW LG 22 SZ LZ SO i
ld Ph ocd6k OF 8E LL LO EX
Mm 20 9d 29 8E LE EZ 22 iE
: gn 92 9d ¥9 69 9 10 90 100--
| INTE
= 29621 -BELLBGL0-CELE N_
#dpH-VG0B-3YE#-BOHO-NALA-CAJC BN
BB =
: se 1] . an
IEE ARTE ALL |
NE
: ddv A¥LLOT NO SLFYITL YI3HO fi Ao
OL J000YvA SIAL N¥3S Sem
| Fi
| hes | y
= a 20@mod =
;
Vv LOSANNIA ee |
ey a

================


=== Pre-processed Text ===
; p 4
Sika £
ie ~~ |
= TREE
: + |
: m
He 2]
*Ja| LR18] AJB1]0| AUE
; 11SLA JO Wod* AJ8lio|ul 0
: 01 0 ‘sJagunu BULUULH JOH z
11 83 01 1 JNOA %98Y] |
OXD-YBGANE-LEXHA- LOMIDG-AGLHAN
3
pa ~|
| i 76 96 7 1-78ELLBGL0-TE LE o
eal! 90:Z1Gl GZ/vl/Cl Hp:
poems 00 01S m
Goad z
Gz Gl 030 NOW 0
: | 2 0 90 1 6G 9¥ EZ 21 +0 500 :
3M GOW LG 22 SZ LZ SO i
ld Ph ocd6k OF 8E LL LO EX
PB 20 9d 29 8E LE EZ 22 iE
: gn 92 9d ¥9 69 9 10 90 100--
| INTE
= 29 62 1 -BELLBGL0-CELE N_
#dpH-VG0-3YE#-BOHO-NALA-CAJC BN
BB =
: se 1] . an
IEE ARTE ALL |
NE
: ddv A¥LLOT NO SLFYITL YI3HO fi Ao
OL J000YvA SIAL N¥3S Sem
| Fi
| hes | y
= a 20@mod =
;
Vv LOSANNIA ee |
ey a

==========================

Processing lines for lottery plays...


PB marker approach found 0 plays, trying consecutive grouping...
Valid numbers: 4, 2, 18, 1, 11, 8, 1, 11, 1, 1, 3, 7, 1, 1, 1, 30, 2, 1, 6, 9, 21, 3, 22, 6, 8, 20, 9, 29, 8, 22, 9, 9, 69, 9, 10, 29, 62, 1, 3, 1, 3, 3, 20
Found play: 1, 2, 4, 11, 18 + PB 8
Found play: 1, 2, 6, 9, 30 + PB 21
Found play: 3, 6, 8, 20, 22 + PB 9
Found play: 9, 10, 29, 62, 69 + PB 1

Total plays extracted: 4
    → conf=40%, plays=4
✓ Found 5 plays in this stage, stopping

Best result: rot=90°, PSM=3, preproc=none
Confidence: 49%, Plays: 5


✗ FAILED: 1/5 plays correct, found 5 total

Details:
  Play 1: 06 07 46 59 64 PB 26 ✓
  Play 2: 07 23 37 38 62 PB 06 ✗ Expected: 22 23 37 38 62 PB 07
  Play 3: 01 26 38 40 49 PB 26 ✗ Expected: 01 11 38 40 49 PB 26
  Play 4: 01 05 21 25 27 PB 05 ✗ Expected: 05 21 25 27 51 PB 05
  Play 5: 06 12 23 46 59 PB 06 ✗ Expected: 04 12 23 46 59 PB 06

============================================================
Testing: IMG_5881.HEIC
============================================================
Converting HEIC to JPG...
Starting smart multi-attempt OCR...
  Stage: trying 1 rotations × 2 preproc × 2 PSM
  Trying: rot=0°, PSM=3, preproc=none

=== OCR Text ===
a MINNESOTA we
I
BN PoWwEe®D. BE
Le SCAN THIS BARCODE TO |
| B CHECK TICKETS ON LOTTERY APP oo
EE — [ll AAT SHE) I
: | i 2CYD-VTDV-DHD#-#346-9Co4-R4P# |
eae 3132-015677384-129632 —
Era foes aes Rp |
= POWER PLAY M0
oo 06 07 46 59 64 MB 26 6
02 22 23 37 38 62M 07 6
0301 11 38 40 49mM26 18 §
: 005 21 25 27 51 B05 6
| = 1i03 71 23 76 BARBRE :
¢ MON DEC 15 25
> Dy gh ic
o Ele.
= 30634000 $10.00 Le |
20 20, A220)
|“ R00306340 12/14/25 15:12:08 ERs
0 3132-015877384-129632 Eiesekiziis:
Ciel
3
| WYM75%-506RCT-DMHX37-3MVE8K-X0 :
| Check your ticket!
x For winning numbers, go to
v anlottery.con or visit
any lottery retailer.
z |
Lik :
La |
.
Sl | TERR Eo
Zz ga
5

================


=== Pre-processed Text ===
a MINNESOTA we
I
BN PoWwEe®D. BE
Le SCAN THIS BARCODE TO |
| B CHECK TICKETS ON LOTTERY APP oo
EE — [ll AAT SHE) I
: | i 2CYD-VTDV-DHD#-#346-9Co4-R4P# |
eae 31 32-01 56 77 38 4-12 96 32 —
Era foes aes Rp |
= POWER PLAY PB 0
oo 06 07 46 59 64 PB 26 6
02 22 23 37 38 62 PB 07 6
03 01 11 38 40 49 PB 26 18 §
: 005 21 25 27 51 PB 05 6
| = 1i03 11 23 76 BARBRE :
¢ MON DEC 15 25
> Dy gh ic
o Ele.
= 30 63 40 00 $10.00 Le |
20 20, A220)
|“ R00 30 63 40 12/14/25 15:12:08 ERs
0 31 32-01 58 77 38 4-12 96 32 Eiesekiziis:
Ciel
3
| WYPB 75%-506RCT-DMHX37-3MVE8K-X0 :
| Check your ticket!
x For winning numbers, go to
v anlottery.con or visit
any lottery retailer.
z |
Lik :
La |
.
Sl | TERR Eo
Zz ga
5

==========================

Processing lines for lottery plays...

Line 7: "eae 31 32-01 56 77 38 4-12 96 32 —"
  Valid numbers: 31, 32, 1, 56, 38, 4, 12, 32
  ✗ Invalid powerball: 32
Line 10: "oo 06 07 46 59 64 PB 26 6"
  Valid numbers: 6, 7, 46, 59, 64, 26, 6
  Found PB marker with powerball: 26 at index 5
  ✓ Found play: 6, 7, 46, 59, 64 + PB 26
Line 11: "02 22 23 37 38 62 PB 07 6"
  Valid numbers: 2, 22, 23, 37, 38, 62, 7, 6
  Found PB marker with powerball: 7 at index 6
  ✓ Found play: 22, 23, 37, 38, 62 + PB 7
Line 12: "03 01 11 38 40 49 PB 26 18 §"
  Valid numbers: 3, 1, 11, 38, 40, 49, 26, 18
  Found PB marker with powerball: 26 at index 6
  ✓ Found play: 1, 11, 38, 40, 49 + PB 26
Line 13: ": 005 21 25 27 51 PB 05 6"
  Valid numbers: 5, 21, 25, 27, 51, 5, 6
  Found PB marker with powerball: 5 at index 0
  ✓ Found play: 5, 21, 25, 27, 51 + PB 5
Line 20: "|“ R00 30 63 40 12/14/25 15:12:08 ERs"
  Valid numbers: 30, 63, 40, 12, 14, 25, 15, 12, 8
  ✗ White balls not unique: 12, 14, 25, 15, 12
Line 21: "0 31 32-01 58 77 38 4-12 96 32 Eiesekiziis:"
  Valid numbers: 31, 32, 1, 58, 38, 4, 12, 32
  ✗ Invalid powerball: 32

Total plays extracted: 4
    → conf=52%, plays=4
  Trying: rot=0°, PSM=6, preproc=none

=== OCR Text ===
a MINNESOTA we
I
BN PoWwEe®D. BE
Le SCAN THIS BARCODE TO |
| B CHECK TICKETS ON LOTTERY APP oo
EE — [ll AAT SHE) I
: | i 2CYD-VTDV-DHD#-#346-9Co4-R4P# |
eae 3132-015677384-129632 —
Era foes aes Rp |
= POWER PLAY M0
oo 06 07 46 59 64 MB 26 6
02 22 23 37 38 62M 07 6
0301 11 38 40 49mM26 18 §
: 005 21 25 27 51 B05 6
| = 1i03 71 23 76 BARBRE :
¢ MON DEC 15 25
> Dy gh ic
o Ele.
= 30634000 $10.00 Le |
20 20, A220)
|“ R00306340 12/14/25 15:12:08 ERs
0 3132-015877384-129632 Eiesekiziis:
Ciel
3
| WYM75%-506RCT-DMHX37-3MVE8K-X0 :
| Check your ticket!
x For winning numbers, go to
v anlottery.con or visit
any lottery retailer.
z |
Lik :
La |
.
Sl | TERR Eo
Zz ga
5

================


=== Pre-processed Text ===
a MINNESOTA we
I
BN PoWwEe®D. BE
Le SCAN THIS BARCODE TO |
| B CHECK TICKETS ON LOTTERY APP oo
EE — [ll AAT SHE) I
: | i 2CYD-VTDV-DHD#-#346-9Co4-R4P# |
eae 31 32-01 56 77 38 4-12 96 32 —
Era foes aes Rp |
= POWER PLAY PB 0
oo 06 07 46 59 64 PB 26 6
02 22 23 37 38 62 PB 07 6
03 01 11 38 40 49 PB 26 18 §
: 005 21 25 27 51 PB 05 6
| = 1i03 11 23 76 BARBRE :
¢ MON DEC 15 25
> Dy gh ic
o Ele.
= 30 63 40 00 $10.00 Le |
20 20, A220)
|“ R00 30 63 40 12/14/25 15:12:08 ERs
0 31 32-01 58 77 38 4-12 96 32 Eiesekiziis:
Ciel
3
| WYPB 75%-506RCT-DMHX37-3MVE8K-X0 :
| Check your ticket!
x For winning numbers, go to
v anlottery.con or visit
any lottery retailer.
z |
Lik :
La |
.
Sl | TERR Eo
Zz ga
5

==========================

Processing lines for lottery plays...

Line 7: "eae 31 32-01 56 77 38 4-12 96 32 —"
  Valid numbers: 31, 32, 1, 56, 38, 4, 12, 32
  ✗ Invalid powerball: 32
Line 10: "oo 06 07 46 59 64 PB 26 6"
  Valid numbers: 6, 7, 46, 59, 64, 26, 6
  Found PB marker with powerball: 26 at index 5
  ✓ Found play: 6, 7, 46, 59, 64 + PB 26
Line 11: "02 22 23 37 38 62 PB 07 6"
  Valid numbers: 2, 22, 23, 37, 38, 62, 7, 6
  Found PB marker with powerball: 7 at index 6
  ✓ Found play: 22, 23, 37, 38, 62 + PB 7
Line 12: "03 01 11 38 40 49 PB 26 18 §"
  Valid numbers: 3, 1, 11, 38, 40, 49, 26, 18
  Found PB marker with powerball: 26 at index 6
  ✓ Found play: 1, 11, 38, 40, 49 + PB 26
Line 13: ": 005 21 25 27 51 PB 05 6"
  Valid numbers: 5, 21, 25, 27, 51, 5, 6
  Found PB marker with powerball: 5 at index 0
  ✓ Found play: 5, 21, 25, 27, 51 + PB 5
Line 20: "|“ R00 30 63 40 12/14/25 15:12:08 ERs"
  Valid numbers: 30, 63, 40, 12, 14, 25, 15, 12, 8
  ✗ White balls not unique: 12, 14, 25, 15, 12
Line 21: "0 31 32-01 58 77 38 4-12 96 32 Eiesekiziis:"
  Valid numbers: 31, 32, 1, 58, 38, 4, 12, 32
  ✗ Invalid powerball: 32

Total plays extracted: 4
    → conf=52%, plays=4
  Trying: rot=0°, PSM=3, preproc=default

=== OCR Text ===
a MINNESOTA hare
BE PowEe®D. I. Z
; 3 i £ ; : STE
os hn SCAN THIS BARCODE TO
eo B CHECK TICKETS ON LOTTERY APP =
Ee Al ALTARS ATE] (I.
: a 2CYD-VTDV-DHD4-#348-9C54-R4P4 :
—— 3132-015877384-129632 =
- (® eet hats ee TL Sa Ss =
FE POAER PLAY N] |
0106 07 46 59 64M 26 (©
02 22 23 37 38 62 B07 6 =
"00301 11 38 40 A926 06 -
W005 21 25 27 51 B05 8 [SE :
= BN 00504 12 23 46 59 06 (6 [Be
| o MON DEC 15 25
3 by
730634000 $10.00 a
| R00306340 | 12/14/25161208 gO:
0 3132-015877384-129632 Eieekiziios
pe Ep
|Z
| WYM75%-506RCT-DMHX37-3MVE8K-0X0 :
| Check vour ticket!
x For winning numbers, go to
g nnlottery.com or visit :
In: any lottery retailer.
fit ;
W
be ot
Sl [TAT =~
© ROE
x

================


=== Pre-processed Text ===
a MINNESOTA hare
BE PowEe®D. I. Z
; 3 i £ ; : STE
os hn SCAN THIS BARCODE TO
eo B CHECK TICKETS ON LOTTERY APP =
Ee Al ALTARS ATE] (I.
: a 2CYD-VTDV-DHD4-#348-9C54-R4P4 :
—— 31 32-01 58 77 38 4-12 96 32 =
- (® eet hats ee TL Sa Ss =
FE POAER PLAY N] |
01 06 07 46 59 64 PB 26 (©
02 22 23 37 38 62 PB 07 6 =
"00 30 1 11 38 40 A926 06 -
W005 21 25 27 51 PB 05 8 [SE :
= BN 00 50 4 12 23 46 59 06 (6 [Be
| o MON DEC 15 25
3 by
73 06 34 00 0 $10.00 a
| R00 30 63 40 | 12/14/25 16 12 08 gO:
0 31 32-01 58 77 38 4-12 96 32 Eieekiziios
pe Ep
|Z
| WYPB 75%-506RCT-DMHX37-3MVE8K-0X0 :
| Check vour ticket!
x For winning numbers, go to
g nnlottery.com or visit :
In: any lottery retailer.
fit ;
W
be ot
Sl [TAT =~
© ROE
x

==========================

Processing lines for lottery plays...

Line 6: ": a 2CYD-VTDV-DHD4-#348-9C54-R4P4 :"
  Valid numbers: 2, 4, 9, 54, 4, 4
  ✗ White balls not unique: 2, 4, 9, 54, 4
Line 7: "—— 31 32-01 58 77 38 4-12 96 32 ="
  Valid numbers: 31, 32, 1, 58, 38, 4, 12, 32
  ✗ Invalid powerball: 32
Line 10: "01 06 07 46 59 64 PB 26 (©"
  Valid numbers: 1, 6, 7, 46, 59, 64, 26
  Found PB marker with powerball: 26 at index 6
  ✓ Found play: 6, 7, 46, 59, 64 + PB 26
Line 11: "02 22 23 37 38 62 PB 07 6 ="
  Valid numbers: 2, 22, 23, 37, 38, 62, 7, 6
  Found PB marker with powerball: 7 at index 6
  ✓ Found play: 22, 23, 37, 38, 62 + PB 7
Line 12: ""00 30 1 11 38 40 A926 06 -"
  Valid numbers: 30, 1, 11, 38, 40, 6
  ✓ Found play: 1, 11, 30, 38, 40 + PB 6
Line 13: "W005 21 25 27 51 PB 05 8 [SE :"
  Valid numbers: 5, 21, 25, 27, 51, 5, 8
  Found PB marker with powerball: 5 at index 0
  ✓ Found play: 5, 21, 25, 27, 51 + PB 5
Line 14: "= BN 00 50 4 12 23 46 59 06 (6 [Be"
  Valid numbers: 50, 4, 12, 23, 46, 59, 6, 6
  ✓ Found play: 6, 12, 23, 46, 59 + PB 6
Line 18: "| R00 30 63 40 | 12/14/25 16 12 08 gO:"
  Valid numbers: 30, 63, 40, 12, 14, 25, 16, 12, 8
  ✗ White balls not unique: 12, 14, 25, 16, 12
Line 19: "0 31 32-01 58 77 38 4-12 96 32 Eieekiziios"
  Valid numbers: 31, 32, 1, 58, 38, 4, 12, 32
  ✗ Invalid powerball: 32

Total plays extracted: 5
    → conf=49%, plays=5
  Trying: rot=0°, PSM=6, preproc=default

=== OCR Text ===
a MINNESOTA hare
BE PowEe®D. I. Z
; 3 i £ ; : STE
os hn SCAN THIS BARCODE TO
eo B CHECK TICKETS ON LOTTERY APP =
Ee Al ALTARS ATE] (I.
: a 2CYD-VTDV-DHD4-#348-9C54-R4P4 :
—— 3132-015877384-129632 =
- (® eet hats ee TL Sa Ss =
FE POAER PLAY N] |
0106 07 46 59 64M 26 (©
02 22 23 37 38 62 B07 6 =
"00301 11 38 40 A926 06 -
W005 21 25 27 51 B05 8 [SE :
= BN 00504 12 23 46 59 06 (6 [Be
| o MON DEC 15 25
3 by
730634000 $10.00 a
| R00306340 | 12/14/25161208 gO:
0 3132-015877384-129632 Eieekiziios
pe Ep
|Z
| WYM75%-506RCT-DMHX37-3MVE8K-0X0 :
| Check vour ticket!
x For winning numbers, go to
g nnlottery.com or visit :
In: any lottery retailer.
fit ;
W
be ot
Sl [TAT =~
© ROE
x

================


=== Pre-processed Text ===
a MINNESOTA hare
BE PowEe®D. I. Z
; 3 i £ ; : STE
os hn SCAN THIS BARCODE TO
eo B CHECK TICKETS ON LOTTERY APP =
Ee Al ALTARS ATE] (I.
: a 2CYD-VTDV-DHD4-#348-9C54-R4P4 :
—— 31 32-01 58 77 38 4-12 96 32 =
- (® eet hats ee TL Sa Ss =
FE POAER PLAY N] |
01 06 07 46 59 64 PB 26 (©
02 22 23 37 38 62 PB 07 6 =
"00 30 1 11 38 40 A926 06 -
W005 21 25 27 51 PB 05 8 [SE :
= BN 00 50 4 12 23 46 59 06 (6 [Be
| o MON DEC 15 25
3 by
73 06 34 00 0 $10.00 a
| R00 30 63 40 | 12/14/25 16 12 08 gO:
0 31 32-01 58 77 38 4-12 96 32 Eieekiziios
pe Ep
|Z
| WYPB 75%-506RCT-DMHX37-3MVE8K-0X0 :
| Check vour ticket!
x For winning numbers, go to
g nnlottery.com or visit :
In: any lottery retailer.
fit ;
W
be ot
Sl [TAT =~
© ROE
x

==========================

Processing lines for lottery plays...

Line 6: ": a 2CYD-VTDV-DHD4-#348-9C54-R4P4 :"
  Valid numbers: 2, 4, 9, 54, 4, 4
  ✗ White balls not unique: 2, 4, 9, 54, 4
Line 7: "—— 31 32-01 58 77 38 4-12 96 32 ="
  Valid numbers: 31, 32, 1, 58, 38, 4, 12, 32
  ✗ Invalid powerball: 32
Line 10: "01 06 07 46 59 64 PB 26 (©"
  Valid numbers: 1, 6, 7, 46, 59, 64, 26
  Found PB marker with powerball: 26 at index 6
  ✓ Found play: 6, 7, 46, 59, 64 + PB 26
Line 11: "02 22 23 37 38 62 PB 07 6 ="
  Valid numbers: 2, 22, 23, 37, 38, 62, 7, 6
  Found PB marker with powerball: 7 at index 6
  ✓ Found play: 22, 23, 37, 38, 62 + PB 7
Line 12: ""00 30 1 11 38 40 A926 06 -"
  Valid numbers: 30, 1, 11, 38, 40, 6
  ✓ Found play: 1, 11, 30, 38, 40 + PB 6
Line 13: "W005 21 25 27 51 PB 05 8 [SE :"
  Valid numbers: 5, 21, 25, 27, 51, 5, 8
  Found PB marker with powerball: 5 at index 0
  ✓ Found play: 5, 21, 25, 27, 51 + PB 5
Line 14: "= BN 00 50 4 12 23 46 59 06 (6 [Be"
  Valid numbers: 50, 4, 12, 23, 46, 59, 6, 6
  ✓ Found play: 6, 12, 23, 46, 59 + PB 6
Line 18: "| R00 30 63 40 | 12/14/25 16 12 08 gO:"
  Valid numbers: 30, 63, 40, 12, 14, 25, 16, 12, 8
  ✗ White balls not unique: 12, 14, 25, 16, 12
Line 19: "0 31 32-01 58 77 38 4-12 96 32 Eieekiziios"
  Valid numbers: 31, 32, 1, 58, 38, 4, 12, 32
  ✗ Invalid powerball: 32

Total plays extracted: 5
    → conf=49%, plays=5
✓ Found 5 plays in this stage, stopping

Best result: rot=0°, PSM=3, preproc=default
Confidence: 49%, Plays: 5


✗ FAILED: 3/5 plays correct, found 5 total

Details:
  Play 1: 06 07 46 59 64 PB 26 ✓
  Play 2: 22 23 37 38 62 PB 07 ✓
  Play 3: 01 11 30 38 40 PB 06 ✗ Expected: 01 11 38 40 49 PB 26
  Play 4: 05 21 25 27 51 PB 05 ✓
  Play 5: 06 12 23 46 59 PB 06 ✗ Expected: 04 12 23 46 59 PB 06

============================================================
Testing: IMG_5882.HEIC
============================================================
Converting HEIC to JPG...
Starting smart multi-attempt OCR...
  Stage: trying 1 rotations × 2 preproc × 2 PSM
  Trying: rot=0°, PSM=3, preproc=none
Image too small to scale!! (2x36 vs min width of 3)

=== OCR Text ===
= = = Rg z YiNNEs qo;
Cae ee yi £
ray te ¥ -
~. “ep
8s
Bs 4 Hes i) J of Te TERY App
te
Ny Lyp- ng
Fag Err
op 0 Be
Ie Alkp A ip
007 7
i) 95 25 36 55 53 fs 59 &
WELT STARE 8
I: 0s Das = Sis 59 7 B05 5
g 0 og 75 i
/ ON es .
[a rs ay
FE so Ly
“R035. / 1206 55 ny
/0 z 1920155755 15 i200, 5! 0 ;
IL 5 g
y WW 75y ~S06ReT D7 ~IMy5gx “x
4 Chey Your Chet
JE For Yiming berg’ 90 to
8 otter, Or yisyy
A any lottgr, I'Bta; ler.
je
Ji
ys
'0
“oud
'o

================


=== Pre-processed Text ===
= = = Rg z YiNNEs qo;
Cae ee yi £
ray te ¥ -
~. “ep
8s
Bs 4 Hes i) J of Te TERY App
te
Ny Lyp- ng
Fag Err
op 0 Be
Ie Alkp A ip
007 7
i) 95 25 36 55 53 fs 59 &
WELT STARE 8
I: 0s Das = Sis 59 7 PB 05 5
g 0 og 75 i
/ ON es .
[a rs ay
FE so Ly
“R035. / 12 06 55 ny
/0 z 19 20 15 57 55 15 i200, 5! 0 ;
IL 5 g
y WW 75y ~S06ReT D7 ~IMy5gx “x
4 Chey Your Chet
JE For Yiming berg’ 90 to
8 otter, Or yisyy
A any lottgr, I'Bta; ler.
je
Ji
ys
'0
“oud
'o

==========================

Processing lines for lottery plays...

Line 20: "/0 z 19 20 15 57 55 15 i200, 5! 0 ;"
  Valid numbers: 19, 20, 15, 57, 55, 15, 5
  ✗ White balls not unique: 20, 15, 57, 55, 15

PB marker approach found 0 plays, trying consecutive grouping...
Valid numbers: 8, 4, 7, 7, 25, 36, 55, 53, 59, 8, 59, 7, 5, 5, 35, 12, 6, 55, 19, 20, 15, 57, 55, 15, 5, 5, 6, 7, 5, 4, 8
Found play: 25, 36, 53, 55, 59 + PB 8
Found play: 5, 6, 12, 35, 55 + PB 19

Total plays extracted: 2
    → conf=32%, plays=2
  Trying: rot=0°, PSM=6, preproc=none
Line cannot be recognized!!
Image too small to scale!! (2x36 vs min width of 3)

=== OCR Text ===
= = = Rg z YiNNEs qo;
Cae ee yi £
ray te ¥ -
~. “ep
8s
Bs 4 Hes i) J of Te TERY App
te
Ny Lyp- ng
Fag Err
op 0 Be
Ie Alkp A ip
007 7
i) 95 25 36 55 53 fs 59 &
WELT STARE 8
I: 0s Das = Sis 59 7 B05 5
g 0 og 75 i
/ ON es .
[a rs ay
FE so Ly
“R035. / 1206 55 ny
/0 z 1920155755 15 i200, 5! 0 ;
IL 5 g
y WW 75y ~S06ReT D7 ~IMy5gx “x
4 Chey Your Chet
JE For Yiming berg’ 90 to
8 otter, Or yisyy
A any lottgr, I'Bta; ler.
je
Ji
ys
'0
“oud
'o

================


=== Pre-processed Text ===
= = = Rg z YiNNEs qo;
Cae ee yi £
ray te ¥ -
~. “ep
8s
Bs 4 Hes i) J of Te TERY App
te
Ny Lyp- ng
Fag Err
op 0 Be
Ie Alkp A ip
007 7
i) 95 25 36 55 53 fs 59 &
WELT STARE 8
I: 0s Das = Sis 59 7 PB 05 5
g 0 og 75 i
/ ON es .
[a rs ay
FE so Ly
“R035. / 12 06 55 ny
/0 z 19 20 15 57 55 15 i200, 5! 0 ;
IL 5 g
y WW 75y ~S06ReT D7 ~IMy5gx “x
4 Chey Your Chet
JE For Yiming berg’ 90 to
8 otter, Or yisyy
A any lottgr, I'Bta; ler.
je
Ji
ys
'0
“oud
'o

==========================

Processing lines for lottery plays...

Line 20: "/0 z 19 20 15 57 55 15 i200, 5! 0 ;"
  Valid numbers: 19, 20, 15, 57, 55, 15, 5
  ✗ White balls not unique: 20, 15, 57, 55, 15

PB marker approach found 0 plays, trying consecutive grouping...
Valid numbers: 8, 4, 7, 7, 25, 36, 55, 53, 59, 8, 59, 7, 5, 5, 35, 12, 6, 55, 19, 20, 15, 57, 55, 15, 5, 5, 6, 7, 5, 4, 8
Found play: 25, 36, 53, 55, 59 + PB 8
Found play: 5, 6, 12, 35, 55 + PB 19

Total plays extracted: 2
    → conf=32%, plays=2
Line cannot be recognized!!
  Trying: rot=0°, PSM=3, preproc=default
Image too small to scale!! (2x36 vs min width of 3)

=== OCR Text ===
= ea = YiNNEs
4 a RO PY - y Pon
REG
Gi K CR Ts on reo App
rg
ny Lyp- ng
| y a RO, 29637
5 Hip
30, 7
i) 95 24 36 38 63 fs oF ft
[fs Gd 1) 58 36 Sg 68
J. 00s Od 5 2.55 oS 06 jf
oS "ON pep 3; 25
‘x ey
ig ir hom
5 oagi000 12 21009 i
Boag) 3 7% 120 is Se
Ji) 090634 1920155755 15 12300, ; i :
I> &] “4 ay
i 3 |
y 751-5050, [ D7 “Msg 0;
/ Check LU Chat |
|x For ip ing ibgrs 90 tf,
8 atte, 0 Vigyy
A any lottgr, "8taf gp
je
J
{ Pas
Ih
'0
“nd
'o

================


=== Pre-processed Text ===
= ea = YiNNEs
4 a RO PY - y Pon
REG
Gi K CR Ts on reo App
rg
ny Lyp- ng
| y a RO, 29 63 7
5 Hip
30, 7
i) 95 24 36 38 63 fs oF ft
[fs Gd 1) 58 36 Sg 68
J. 00s Od 5 2.55 oS 06 jf
oS "ON pep 3; 25
‘x ey
ig ir hoPB 5 oagi000 12 21 00 9 i
Boag) 3 7% 120 is Se
Ji) 09 06 34 19 20 15 57 55 15 12 30 0, ; i :
I> &] “4 ay
i 3 |
y 751-50 50, [ D7 “Msg 0;
/ Check LU Chat |
|x For ip ing ibgrs 90 tf,
8 atte, 0 Vigyy
A any lottgr, "8taf gp
je
J
{ Pas
Ih
'0
“nd
'o

==========================

Processing lines for lottery plays...

Line 16: "Ji) 09 06 34 19 20 15 57 55 15 12 30 0, ; i :"
  Valid numbers: 9, 6, 34, 19, 20, 15, 57, 55, 15, 12, 30
  ✗ White balls not unique: 15, 57, 55, 15, 12

PB marker approach found 0 plays, trying consecutive grouping...
Valid numbers: 4, 29, 63, 7, 5, 30, 7, 24, 36, 38, 63, 1, 58, 36, 68, 5, 2, 55, 6, 3, 25, 5, 12, 21, 9, 3, 7, 9, 6, 34, 19, 20, 15, 57, 55, 15, 12, 30, 4, 3, 50, 50, 7, 8, 8
Found play: 5, 7, 29, 30, 63 + PB 7
Found play: 1, 36, 58, 63, 68 + PB 5
Found play: 2, 3, 6, 25, 55 + PB 5
Found play: 3, 7, 9, 12, 21 + PB 9
Found play: 15, 19, 20, 55, 57 + PB 15

Total plays extracted: 5
    → conf=37%, plays=5
  Trying: rot=0°, PSM=6, preproc=default
Line cannot be recognized!!
Image too small to scale!! (2x36 vs min width of 3)

=== OCR Text ===
= ea = YiNNEs
4 a RO PY - y Pon
REG
Gi K CR Ts on reo App
rg
ny Lyp- ng
| y a RO, 29637
5 Hip
30, 7
i) 95 24 36 38 63 fs oF ft
[fs Gd 1) 58 36 Sg 68
J. 00s Od 5 2.55 oS 06 jf
oS "ON pep 3; 25
‘x ey
ig ir hom
5 oagi000 12 21009 i
Boag) 3 7% 120 is Se
Ji) 090634 1920155755 15 12300, ; i :
I> &] “4 ay
i 3 |
y 751-5050, [ D7 “Msg 0;
/ Check LU Chat |
|x For ip ing ibgrs 90 tf,
8 atte, 0 Vigyy
A any lottgr, "8taf gp
je
J
{ Pas
Ih
'0
“nd
'o

================


=== Pre-processed Text ===
= ea = YiNNEs
4 a RO PY - y Pon
REG
Gi K CR Ts on reo App
rg
ny Lyp- ng
| y a RO, 29 63 7
5 Hip
30, 7
i) 95 24 36 38 63 fs oF ft
[fs Gd 1) 58 36 Sg 68
J. 00s Od 5 2.55 oS 06 jf
oS "ON pep 3; 25
‘x ey
ig ir hoPB 5 oagi000 12 21 00 9 i
Boag) 3 7% 120 is Se
Ji) 09 06 34 19 20 15 57 55 15 12 30 0, ; i :
I> &] “4 ay
i 3 |
y 751-50 50, [ D7 “Msg 0;
/ Check LU Chat |
|x For ip ing ibgrs 90 tf,
8 atte, 0 Vigyy
A any lottgr, "8taf gp
je
J
{ Pas
Ih
'0
“nd
'o

==========================

Processing lines for lottery plays...

Line 16: "Ji) 09 06 34 19 20 15 57 55 15 12 30 0, ; i :"
  Valid numbers: 9, 6, 34, 19, 20, 15, 57, 55, 15, 12, 30
  ✗ White balls not unique: 15, 57, 55, 15, 12

PB marker approach found 0 plays, trying consecutive grouping...
Valid numbers: 4, 29, 63, 7, 5, 30, 7, 24, 36, 38, 63, 1, 58, 36, 68, 5, 2, 55, 6, 3, 25, 5, 12, 21, 9, 3, 7, 9, 6, 34, 19, 20, 15, 57, 55, 15, 12, 30, 4, 3, 50, 50, 7, 8, 8
Found play: 5, 7, 29, 30, 63 + PB 7
Found play: 1, 36, 58, 63, 68 + PB 5
Found play: 2, 3, 6, 25, 55 + PB 5
Found play: 3, 7, 9, 12, 21 + PB 9
Found play: 15, 19, 20, 55, 57 + PB 15

Total plays extracted: 5
    → conf=37%, plays=5
✓ Found 5 plays in this stage, stopping

Best result: rot=0°, PSM=3, preproc=default
Confidence: 37%, Plays: 5


✗ FAILED: 0/5 plays correct, found 5 total

Details:
  Play 1: 05 07 29 30 63 PB 07 ✗ Expected: 06 07 46 59 64 PB 26
  Play 2: 01 36 58 63 68 PB 05 ✗ Expected: 22 23 37 38 62 PB 07
  Play 3: 02 03 06 25 55 PB 05 ✗ Expected: 01 11 38 40 49 PB 26
  Play 4: 03 07 09 12 21 PB 09 ✗ Expected: 05 21 25 27 51 PB 05
  Play 5: 15 19 20 55 57 PB 15 ✗ Expected: 04 12 23 46 59 PB 06

============================================================
Testing: IMG_5883.HEIC
============================================================
Converting HEIC to JPG...
Line cannot be recognized!!
Starting smart multi-attempt OCR...
  Stage: trying 1 rotations × 2 preproc × 2 PSM
  Trying: rot=0°, PSM=3, preproc=none

=== OCR Text ===
anes? AN
y
<
re) |
\ 09°
Noa an
%
\
\
\ 4 OR We RO 10
- Woh AN ON ER bpp
&
Sa pat
\& oo AN
Ye Fa oO
BP oo 8 ER) WN
Sh ZA Sa AG EY oA 5 26
\ 2 20. 65 oS OL ©
\ WE A A) 230 AO AD ef 20 0
OO 0% 2) 29 2.1 2A 25 ©
fone 2h RE 3
| yO Woy \% 2% 2
% OY i)
¥ oh 0) a nL
Be Prt Lr
e I PRC
ug ; cre you ac La
%) of Hors 3 Son 5 pet
2, a Sine” cots ef -
ge
2 a
4
hp 2

================


=== Pre-processed Text ===
anes? AN
y
<
re) |
\ 09°
Noa an
%
\
\
\ 4 OR We RO 10
- Woh AN ON ER bpp
&
Sa pat
\& oo AN
Ye Fa oO
BP oo 8 ER) WN
Sh ZA Sa AG EY oA 5 26
\ 2 20. 65 oS OL ©
\ WE A A) 230 AO AD ef 20 0
OO 0% 2) 29 2.1 2A 25 ©
fone 2h RE 3
| yO Woy \% 2% 2
% OY i)
¥ oh 0) a nL
Be Prt Lr
e I PRC
ug ; cre you ac La
%) of Hors 3 Son 5 pet
2, a Sine” cots ef -
ge
2 a
4
hp 2

==========================

Processing lines for lottery plays...

Line 19: "OO 0% 2) 29 2.1 2A 25 ©"
  Valid numbers: 2, 29, 2, 1, 2, 25
  ✗ White balls not unique: 2, 29, 2, 1, 2

PB marker approach found 0 plays, trying consecutive grouping...
Valid numbers: 9, 4, 10, 8, 5, 26, 2, 20, 65, 20, 2, 29, 2, 1, 2, 25, 2, 3, 2, 2, 3, 5, 2, 2, 4, 2
Found play: 4, 5, 8, 9, 10 + PB 26

Total plays extracted: 1
    → conf=38%, plays=1
  Trying: rot=0°, PSM=6, preproc=none

=== OCR Text ===
anes? AN
y
<
re) |
\ 09°
Noa an
%
\
\
\ 4 OR We RO 10
- Woh AN ON ER bpp
&
Sa pat
\& oo AN
Ye Fa oO
BP oo 8 ER) WN
Sh ZA Sa AG EY oA 5 26
\ 2 20. 65 oS OL ©
\ WE A A) 230 AO AD ef 20 0
OO 0% 2) 29 2.1 2A 25 ©
fone 2h RE 3
| yO Woy \% 2% 2
% OY i)
¥ oh 0) a nL
Be Prt Lr
e I PRC
ug ; cre you ac La
%) of Hors 3 Son 5 pet
2, a Sine” cots ef -
ge
2 a
4
hp 2

================


=== Pre-processed Text ===
anes? AN
y
<
re) |
\ 09°
Noa an
%
\
\
\ 4 OR We RO 10
- Woh AN ON ER bpp
&
Sa pat
\& oo AN
Ye Fa oO
BP oo 8 ER) WN
Sh ZA Sa AG EY oA 5 26
\ 2 20. 65 oS OL ©
\ WE A A) 230 AO AD ef 20 0
OO 0% 2) 29 2.1 2A 25 ©
fone 2h RE 3
| yO Woy \% 2% 2
% OY i)
¥ oh 0) a nL
Be Prt Lr
e I PRC
ug ; cre you ac La
%) of Hors 3 Son 5 pet
2, a Sine” cots ef -
ge
2 a
4
hp 2

==========================

Processing lines for lottery plays...

Line 19: "OO 0% 2) 29 2.1 2A 25 ©"
  Valid numbers: 2, 29, 2, 1, 2, 25
  ✗ White balls not unique: 2, 29, 2, 1, 2

PB marker approach found 0 plays, trying consecutive grouping...
Valid numbers: 9, 4, 10, 8, 5, 26, 2, 20, 65, 20, 2, 29, 2, 1, 2, 25, 2, 3, 2, 2, 3, 5, 2, 2, 4, 2
Found play: 4, 5, 8, 9, 10 + PB 26

Total plays extracted: 1
    → conf=38%, plays=1
  Trying: rot=0°, PSM=3, preproc=default
Image too small to scale!! (2x36 vs min width of 3)

=== OCR Text ===
nes?’ IN
A
wr
5 @ 0 9©® ©
oS
\ Ek WS OE el
\ g QrEh ANAS ON ER bpp
A
an att
A
\& Se
A OE sh
oO el
% FIA
EN 0B ol NS oe 5a 26
\ WW 27 23 31 29 65 PB ol le
Fo dk 30 38, 43 22 ®
Le QZ 2%) 59 1 SA: 25 ©
LE
2 Jo OE 6 ® 4
\ on 080 Fir
“Se hes Bb \5963% or
EE ow! Ho
\ cies gout 4 5 ok 2d i)
% cor Ra pe of pelt
2, ay Sine” Lalo
h
pe
% a
} =
pe 2

================


=== Pre-processed Text ===
nes?’ IN
A
wr
5 @ 0 9©® ©
oS
\ Ek WS OE el
\ g QrEh ANAS ON ER bpp
A
an att
A
\& Se
A OE sh
oO el
% FIA
EN 0 ol NS oe 5a 26
\ WW 27 23 31 29 65 PB ol le
Fo dk 30 38, 43 22 ®
Le QZ 2%) 59 1 SA: 25 ©
LE
2 Jo OE 6 ® 4
\ on 080 Fir
“Se hes Bb \59 63% or
EE ow! Ho
\ cies gout 4 5 ok 2d i)
% cor Ra pe of pelt
2, ay Sine” Lalo
h
pe
% a
} =
pe 2

==========================

Processing lines for lottery plays...


PB marker approach found 0 plays, trying consecutive grouping...
Valid numbers: 5, 9, 5, 26, 27, 23, 31, 29, 65, 30, 38, 43, 22, 2, 59, 1, 25, 2, 6, 4, 59, 63, 4, 5, 2, 2, 2
Found play: 29, 30, 38, 43, 65 + PB 22
Found play: 1, 2, 6, 25, 59 + PB 4
Found play: 2, 4, 5, 59, 63 + PB 2

Total plays extracted: 3
    → conf=33%, plays=3
  Trying: rot=0°, PSM=6, preproc=default
Line cannot be recognized!!
Image too small to scale!! (2x36 vs min width of 3)

=== OCR Text ===
nes?’ IN
A
wr
5 @ 0 9©® ©
oS
\ Ek WS OE el
\ g QrEh ANAS ON ER bpp
A
an att
A
\& Se
A OE sh
oO el
% FIA
EN 0B ol NS oe 5a 26
\ WW 27 23 31 29 65 PB ol le
Fo dk 30 38, 43 22 ®
Le QZ 2%) 59 1 SA: 25 ©
LE
2 Jo OE 6 ® 4
\ on 080 Fir
“Se hes Bb \5963% or
EE ow! Ho
\ cies gout 4 5 ok 2d i)
% cor Ra pe of pelt
2, ay Sine” Lalo
h
pe
% a
} =
pe 2

================


=== Pre-processed Text ===
nes?’ IN
A
wr
5 @ 0 9©® ©
oS
\ Ek WS OE el
\ g QrEh ANAS ON ER bpp
A
an att
A
\& Se
A OE sh
oO el
% FIA
EN 0 ol NS oe 5a 26
\ WW 27 23 31 29 65 PB ol le
Fo dk 30 38, 43 22 ®
Le QZ 2%) 59 1 SA: 25 ©
LE
2 Jo OE 6 ® 4
\ on 080 Fir
“Se hes Bb \59 63% or
EE ow! Ho
\ cies gout 4 5 ok 2d i)
% cor Ra pe of pelt
2, ay Sine” Lalo
h
pe
% a
} =
pe 2

==========================

Processing lines for lottery plays...


PB marker approach found 0 plays, trying consecutive grouping...
Valid numbers: 5, 9, 5, 26, 27, 23, 31, 29, 65, 30, 38, 43, 22, 2, 59, 1, 25, 2, 6, 4, 59, 63, 4, 5, 2, 2, 2
Found play: 29, 30, 38, 43, 65 + PB 22
Found play: 1, 2, 6, 25, 59 + PB 4
Found play: 2, 4, 5, 59, 63 + PB 2

Total plays extracted: 3
    → conf=33%, plays=3
✓ Found 3 plays in this stage, stopping

Best result: rot=0°, PSM=3, preproc=default
Confidence: 33%, Plays: 3


✗ FAILED: 0/5 plays correct, found 3 total

Details:
  Play 1: 29 30 38 43 65 PB 22 ✗ Expected: 06 07 46 59 64 PB 26
  Play 2: 01 02 06 25 59 PB 04 ✗ Expected: 22 23 37 38 62 PB 07
  Play 3: 02 04 05 59 63 PB 02 ✗ Expected: 01 11 38 40 49 PB 26
  Play 4: MISSING ✗ Expected: 05 21 25 27 51 PB 05
  Play 5: MISSING ✗ Expected: 04 12 23 46 59 PB 06

============================================================
Testing: IMG_5884.HEIC
============================================================
Converting HEIC to JPG...
Line cannot be recognized!!
Starting smart multi-attempt OCR...
  Stage: trying 1 rotations × 2 preproc × 2 PSM
  Trying: rot=0°, PSM=3, preproc=none
Image too small to scale!! (2x36 vs min width of 3)

=== OCR Text ===
wd
&
x
SCAN THIS BARCODE T0
J CHECK TICKETS ON LOTTERY APP
IIR arms EA athe I
br 2CYD-VTDV-DHD#-#348-9C54-R4PH
« 3132-015677384-129632
Es abl Be pO OL
z 0] 06 07 pd ah) 0, PB 26 (6
2 22 23 37
Eta
504 72 23 36 Bk 08 ir
NOE ages 0
po | $10.00 gi 2
" 19: SOs Ord,
$152.015477364 135632 PRA
~ WYM75%-506RC T-DMHX37-3MUFRK XN

================


=== Pre-processed Text ===
wd
&
x
SCAN THIS BARCODE T0
J CHECK TICKETS ON LOTTERY APP
IIR arms EA athe I
br 2CYD-VTDV-DHD#-#348-9C54-R4PH
« 31 32-01 56 77 38 4-12 96 32
Es abl Be pO OL
z 0] 06 07 pd ah) 0, PB 26 (6
2 22 23 37
Eta
504 12 23 36 Bk 08 ir
NOE ages 0
po | $10.00 gi 2
" 19: SOs Ord,
$152.01 54 77 36 4 13 56 32 PRA
~ WYPB 75%-506RC T-DMHX37-3MUFRK XN

==========================

Processing lines for lottery plays...

Line 7: "« 31 32-01 56 77 38 4-12 96 32"
  Valid numbers: 31, 32, 1, 56, 38, 4, 12, 32
  ✗ Invalid powerball: 32
Line 16: "$152.01 54 77 36 4 13 56 32 PRA"
  Valid numbers: 1, 54, 36, 4, 13, 56, 32
  ✗ Invalid powerball: 32

PB marker approach found 0 plays, trying consecutive grouping...
Valid numbers: 2, 9, 54, 4, 31, 32, 1, 56, 38, 4, 12, 32, 6, 7, 26, 6, 2, 22, 23, 37, 12, 23, 36, 8, 10, 2, 19, 1, 54, 36, 4, 13, 56, 32, 37, 3
Found play: 4, 9, 31, 32, 54 + PB 1
Found play: 4, 12, 32, 38, 56 + PB 6
Found play: 2, 6, 7, 22, 26 + PB 23
Found play: 8, 12, 23, 36, 37 + PB 10
Found play: 1, 2, 19, 36, 54 + PB 4

Total plays extracted: 5
    → conf=47%, plays=5
  Trying: rot=0°, PSM=6, preproc=none
Line cannot be recognized!!
Image too small to scale!! (2x36 vs min width of 3)

=== OCR Text ===
wd
&
x
SCAN THIS BARCODE T0
J CHECK TICKETS ON LOTTERY APP
IIR arms EA athe I
br 2CYD-VTDV-DHD#-#348-9C54-R4PH
« 3132-015677384-129632
Es abl Be pO OL
z 0] 06 07 pd ah) 0, PB 26 (6
2 22 23 37
Eta
504 72 23 36 Bk 08 ir
NOE ages 0
po | $10.00 gi 2
" 19: SOs Ord,
$152.015477364 135632 PRA
~ WYM75%-506RC T-DMHX37-3MUFRK XN

================


=== Pre-processed Text ===
wd
&
x
SCAN THIS BARCODE T0
J CHECK TICKETS ON LOTTERY APP
IIR arms EA athe I
br 2CYD-VTDV-DHD#-#348-9C54-R4PH
« 31 32-01 56 77 38 4-12 96 32
Es abl Be pO OL
z 0] 06 07 pd ah) 0, PB 26 (6
2 22 23 37
Eta
504 12 23 36 Bk 08 ir
NOE ages 0
po | $10.00 gi 2
" 19: SOs Ord,
$152.01 54 77 36 4 13 56 32 PRA
~ WYPB 75%-506RC T-DMHX37-3MUFRK XN

==========================

Processing lines for lottery plays...

Line 7: "« 31 32-01 56 77 38 4-12 96 32"
  Valid numbers: 31, 32, 1, 56, 38, 4, 12, 32
  ✗ Invalid powerball: 32
Line 16: "$152.01 54 77 36 4 13 56 32 PRA"
  Valid numbers: 1, 54, 36, 4, 13, 56, 32
  ✗ Invalid powerball: 32

PB marker approach found 0 plays, trying consecutive grouping...
Valid numbers: 2, 9, 54, 4, 31, 32, 1, 56, 38, 4, 12, 32, 6, 7, 26, 6, 2, 22, 23, 37, 12, 23, 36, 8, 10, 2, 19, 1, 54, 36, 4, 13, 56, 32, 37, 3
Found play: 4, 9, 31, 32, 54 + PB 1
Found play: 4, 12, 32, 38, 56 + PB 6
Found play: 2, 6, 7, 22, 26 + PB 23
Found play: 8, 12, 23, 36, 37 + PB 10
Found play: 1, 2, 19, 36, 54 + PB 4

Total plays extracted: 5
    → conf=47%, plays=5
Line cannot be recognized!!
  Trying: rot=0°, PSM=3, preproc=default
Image too small to scale!! (2x36 vs min width of 3)

=== OCR Text ===
J
pr 4
x
SCAN THIS BARCODE TO
J CHECK TICKETS ON LOTTERY APP
IIR arms EA att I
be 2CYD-VTDV-DHDH-#348-9C54-R4P#
E 3132-015677384-129632
ER Cs MiB pon ORR
: 01 06 07 gid Ly U, PB 26 (6
ff te Bm
mri
96503 72 23 36 B51 08 ©
Niet gna $0 TT
mw L000, Bg
12:08 SETAE
S12015677384.1 29632 PoReD) is
So
WYMT75%-506RCT-DMHX37-3MVERK OX)

================


=== Pre-processed Text ===
J
pr 4
x
SCAN THIS BARCODE TO
J CHECK TICKETS ON LOTTERY APP
IIR arms EA att I
be 2CYD-VTDV-DHDH-#348-9C54-R4P#
E 31 32-01 56 77 38 4-12 96 32
ER Cs MiB pon ORR
: 01 06 07 gid Ly U, PB 26 (6
ff te Bm
mri
96 50 3 12 23 36 PB 51 08 ©
Niet gna $0 TT
mw L000, Bg
12:08 SETAE
S12 01 56 77 38 4.1 29 63 2 PoReD) is
So
WYMT75%-506RCT-DMHX37-3MVERK OX)

==========================

Processing lines for lottery plays...

Line 7: "E 31 32-01 56 77 38 4-12 96 32"
  Valid numbers: 31, 32, 1, 56, 38, 4, 12, 32
  ✗ Invalid powerball: 32
Line 12: "96 50 3 12 23 36 PB 51 08 ©"
  Valid numbers: 50, 3, 12, 23, 36, 51, 8
  ✓ Found play: 3, 12, 23, 36, 51 + PB 8
Line 16: "S12 01 56 77 38 4.1 29 63 2 PoReD) is"
  Valid numbers: 12, 1, 56, 38, 4, 1, 29, 63, 2
  ✓ Found play: 1, 4, 29, 38, 63 + PB 2

Total plays extracted: 2
    → conf=40%, plays=2
  Trying: rot=0°, PSM=6, preproc=default
Line cannot be recognized!!
Image too small to scale!! (2x36 vs min width of 3)
Line cannot be recognized!!
Image too small to scale!! (2x36 vs min width of 3)

=== OCR Text ===
J
pr 4
x
SCAN THIS BARCODE TO
J CHECK TICKETS ON LOTTERY APP
IIR arms EA att I
be 2CYD-VTDV-DHDH-#348-9C54-R4P#
E 3132-015677384-129632
ER Cs MiB pon ORR
: 01 06 07 gid Ly U, PB 26 (6
ff te Bm
mri
96503 72 23 36 B51 08 ©
Niet gna $0 TT
mw L000, Bg
12:08 SETAE
S12015677384.1 29632 PoReD) is
So
WYMT75%-506RCT-DMHX37-3MVERK OX)

================


=== Pre-processed Text ===
J
pr 4
x
SCAN THIS BARCODE TO
J CHECK TICKETS ON LOTTERY APP
IIR arms EA att I
be 2CYD-VTDV-DHDH-#348-9C54-R4P#
E 31 32-01 56 77 38 4-12 96 32
ER Cs MiB pon ORR
: 01 06 07 gid Ly U, PB 26 (6
ff te Bm
mri
96 50 3 12 23 36 PB 51 08 ©
Niet gna $0 TT
mw L000, Bg
12:08 SETAE
S12 01 56 77 38 4.1 29 63 2 PoReD) is
So
WYMT75%-506RCT-DMHX37-3MVERK OX)

==========================

Processing lines for lottery plays...

Line 7: "E 31 32-01 56 77 38 4-12 96 32"
  Valid numbers: 31, 32, 1, 56, 38, 4, 12, 32
  ✗ Invalid powerball: 32
Line 12: "96 50 3 12 23 36 PB 51 08 ©"
  Valid numbers: 50, 3, 12, 23, 36, 51, 8
  ✓ Found play: 3, 12, 23, 36, 51 + PB 8
Line 16: "S12 01 56 77 38 4.1 29 63 2 PoReD) is"
  Valid numbers: 12, 1, 56, 38, 4, 1, 29, 63, 2
  ✓ Found play: 1, 4, 29, 38, 63 + PB 2

Total plays extracted: 2
    → conf=40%, plays=2
✓ Found 5 plays in this stage, stopping

Best result: rot=0°, PSM=3, preproc=none
Confidence: 47%, Plays: 5


✗ FAILED: 0/5 plays correct, found 5 total

Details:
  Play 1: 04 09 31 32 54 PB 01 ✗ Expected: 06 07 46 59 64 PB 26
  Play 2: 04 12 32 38 56 PB 06 ✗ Expected: 22 23 37 38 62 PB 07
  Play 3: 02 06 07 22 26 PB 23 ✗ Expected: 01 11 38 40 49 PB 26
  Play 4: 08 12 23 36 37 PB 10 ✗ Expected: 05 21 25 27 51 PB 05
  Play 5: 01 02 19 36 54 PB 04 ✗ Expected: 04 12 23 46 59 PB 06

============================================================
Testing: IMG_5885.HEIC
============================================================
Converting HEIC to JPG...
Line cannot be recognized!!
Image too small to scale!! (2x36 vs min width of 3)
Line cannot be recognized!!
Starting smart multi-attempt OCR...
  Stage: trying 1 rotations × 2 preproc × 2 PSM
  Trying: rot=0°, PSM=3, preproc=none
Image too small to scale!! (2x36 vs min width of 3)

=== OCR Text ===
| -
2 ems
SEs
RISE
4; ' OOON £4 =
Sp Sa | O NO E. 3 = 3
: Ls == C,
os 01 : :
[i — {=
= = | = p :
: Ip i = 2 = = ie
Nn) Hoos | 3 x :
He = | WiBeR 2 & z 5
Fs = 11D Oe= 1 2 = E-
2 = | 2 Er Fz =
Ol Ch Ee i ANDRO 5 ; z
C0 | — 7 EZ
~ ro 5 : :
~~ 5 je Oo | Nw») §: ‘2
i ~ Ten 2 =
: 1)
i Pema i Ei
*S  SoNON =
aoe Oe
5 SE | SES
Ee Xa | £225
18 Ts 3 2
< Fog iF 2
i ALE EE
| Ss
ee —

================


=== Pre-processed Text ===
| -
2 ems
SEs
RISE
4; ' OOON £4 =
Sp Sa | O NO E. 3 = 3
: Ls == C,
os 01 : :
[i — {=
= = | = p :
: Ip i = 2 = = ie
Nn) Hoos | 3 x :
He = | WiBeR 2 & z 5
Fs = 11D Oe= 1 2 = E-
2 = | 2 Er Fz =
Ol Ch Ee i ANDRO 5 ; z
C0 | — 7 EZ
~ ro 5 : :
~~ 5 je Oo | Nw») §: ‘2
i ~ Ten 2 =
: 1)
i Pema i Ei
*S  SoNON =
aoe Oe
5 SE | SES
Ee Xa | £225
18 Ts 3 2
< Fog iF 2
i ALE EE
| Ss
ee —

==========================

Processing lines for lottery plays...


PB marker approach found 0 plays, trying consecutive grouping...
Valid numbers: 2, 4, 4, 3, 3, 1, 2, 3, 2, 5, 11, 1, 2, 2, 2, 5, 7, 5, 5, 2, 2, 1, 5, 18, 3, 2, 2
Found play: 1, 2, 3, 5, 11 + PB 2
Found play: 1, 2, 3, 5, 18 + PB 2

Total plays extracted: 2
    → conf=33%, plays=2
  Trying: rot=0°, PSM=6, preproc=none
Line cannot be recognized!!
Image too small to scale!! (2x36 vs min width of 3)
Line cannot be recognized!!
Image too small to scale!! (2x36 vs min width of 3)
Line cannot be recognized!!
Image too small to scale!! (1x36 vs min width of 3)
Line cannot be recognized!!
Image too small to scale!! (2x36 vs min width of 3)
Line cannot be recognized!!
Image too small to scale!! (2x36 vs min width of 3)
Line cannot be recognized!!
Image too small to scale!! (2x36 vs min width of 3)

=== OCR Text ===
| -
2 ems
SEs
RISE
4; ' OOON £4 =
Sp Sa | O NO E. 3 = 3
: Ls == C,
os 01 : :
[i — {=
= = | = p :
: Ip i = 2 = = ie
Nn) Hoos | 3 x :
He = | WiBeR 2 & z 5
Fs = 11D Oe= 1 2 = E-
2 = | 2 Er Fz =
Ol Ch Ee i ANDRO 5 ; z
C0 | — 7 EZ
~ ro 5 : :
~~ 5 je Oo | Nw») §: ‘2
i ~ Ten 2 =
: 1)
i Pema i Ei
*S  SoNON =
aoe Oe
5 SE | SES
Ee Xa | £225
18 Ts 3 2
< Fog iF 2
i ALE EE
| Ss
ee —

================


=== Pre-processed Text ===
| -
2 ems
SEs
RISE
4; ' OOON £4 =
Sp Sa | O NO E. 3 = 3
: Ls == C,
os 01 : :
[i — {=
= = | = p :
: Ip i = 2 = = ie
Nn) Hoos | 3 x :
He = | WiBeR 2 & z 5
Fs = 11D Oe= 1 2 = E-
2 = | 2 Er Fz =
Ol Ch Ee i ANDRO 5 ; z
C0 | — 7 EZ
~ ro 5 : :
~~ 5 je Oo | Nw») §: ‘2
i ~ Ten 2 =
: 1)
i Pema i Ei
*S  SoNON =
aoe Oe
5 SE | SES
Ee Xa | £225
18 Ts 3 2
< Fog iF 2
i ALE EE
| Ss
ee —

==========================

Processing lines for lottery plays...


PB marker approach found 0 plays, trying consecutive grouping...
Valid numbers: 2, 4, 4, 3, 3, 1, 2, 3, 2, 5, 11, 1, 2, 2, 2, 5, 7, 5, 5, 2, 2, 1, 5, 18, 3, 2, 2
Found play: 1, 2, 3, 5, 11 + PB 2
Found play: 1, 2, 3, 5, 18 + PB 2

Total plays extracted: 2
    → conf=33%, plays=2
Line cannot be recognized!!
Image too small to scale!! (2x36 vs min width of 3)
Line cannot be recognized!!
Image too small to scale!! (2x36 vs min width of 3)
Line cannot be recognized!!
Image too small to scale!! (1x36 vs min width of 3)
Line cannot be recognized!!
Image too small to scale!! (2x36 vs min width of 3)
Line cannot be recognized!!
Image too small to scale!! (2x36 vs min width of 3)
Line cannot be recognized!!
  Trying: rot=0°, PSM=3, preproc=default
Image too small to scale!! (2x36 vs min width of 3)

=== OCR Text ===
x —
oO wo | tata
Oo | OO Oe
OY pie TYNES Ex
| ——
RE POONER =
re | SO=ND ==
wo F =N=NO | = =
0 SE S= £3.
Hs | N= = (J FE Pl em RE A
> — | Ecos SN
CN = | cn Fa 2 —-— =
ov ~ JP = WOIN~0E 15a Ne i
5 a = = | m= Ls aT ae
te 4% my bn A =
oo 2! & ANSWJ E>, () wm. 0
co — 5 1 ORL == 5 = —e oO
Ene 5 | 0 fi 0 © oS
EE { it : —4T1
oro G2 na go | 3 2 EE I
of) Sli (101s EEE acme cD
or Rep, ON» FG = eat
< jeer |” 2 = 3
| po
Ep CAE E3oor | TL aE
yF-Jipo ps, Ty N : ="
HX ond dg 3 Th |
Bn SE
> oa” DB Ss ee: Pym] es = : mm
Ra Te 2 | BH
SE

================


=== Pre-processed Text ===
x —
oO wo | tata
Oo | OO Oe
OY pie TYNES Ex
| ——
RE POONER =
re | SO=ND ==
wo F =N=NO | = =
0 SE S= £3.
Hs | N= = (J FE Pl em RE A
> — | Ecos SN
CN = | cn Fa 2 —-— =
ov ~ JP = WOIN~0E 15a Ne i
5 a = = | m= Ls aT ae
te 4% my bn A =
oo 2! & ANSWJ E>, () wm. 0
co — 5 1 ORL == 5 = —e oO
Ene 5 | 0 fi 0 © oS
EE { it : —4T1
oro G2 na go | 3 2 EE I
of) Sli (101s EEE acme cD
or Rep, ON» FG = eat
< jeer |” 2 = 3
| po
Ep CAE E3oor | TL aE
yF-Jipo ps, Ty N : ="
HX ond dg 3 Th |
Bn SE
> oa” DB Ss ee: Pym] es = : mm
Ra Te 2 | BH
SE

==========================

Processing lines for lottery plays...


PB marker approach found 0 plays, trying consecutive grouping...
Valid numbers: 3, 2, 15, 5, 4, 2, 5, 1, 5, 5, 4, 1, 2, 3, 2, 2, 3, 3, 3, 2
Found play: 2, 3, 4, 5, 15 + PB 2
Found play: 1, 2, 3, 4, 5 + PB 2

Total plays extracted: 2
    → conf=32%, plays=2
  Trying: rot=0°, PSM=6, preproc=default
Line cannot be recognized!!
Image too small to scale!! (2x36 vs min width of 3)

=== OCR Text ===
x —
oO wo | tata
Oo | OO Oe
OY pie TYNES Ex
| ——
RE POONER =
re | SO=ND ==
wo F =N=NO | = =
0 SE S= £3.
Hs | N= = (J FE Pl em RE A
> — | Ecos SN
CN = | cn Fa 2 —-— =
ov ~ JP = WOIN~0E 15a Ne i
5 a = = | m= Ls aT ae
te 4% my bn A =
oo 2! & ANSWJ E>, () wm. 0
co — 5 1 ORL == 5 = —e oO
Ene 5 | 0 fi 0 © oS
EE { it : —4T1
oro G2 na go | 3 2 EE I
of) Sli (101s EEE acme cD
or Rep, ON» FG = eat
< jeer |” 2 = 3
| po
Ep CAE E3oor | TL aE
yF-Jipo ps, Ty N : ="
HX ond dg 3 Th |
Bn SE
> oa” DB Ss ee: Pym] es = : mm
Ra Te 2 | BH
SE

================


=== Pre-processed Text ===
x —
oO wo | tata
Oo | OO Oe
OY pie TYNES Ex
| ——
RE POONER =
re | SO=ND ==
wo F =N=NO | = =
0 SE S= £3.
Hs | N= = (J FE Pl em RE A
> — | Ecos SN
CN = | cn Fa 2 —-— =
ov ~ JP = WOIN~0E 15a Ne i
5 a = = | m= Ls aT ae
te 4% my bn A =
oo 2! & ANSWJ E>, () wm. 0
co — 5 1 ORL == 5 = —e oO
Ene 5 | 0 fi 0 © oS
EE { it : —4T1
oro G2 na go | 3 2 EE I
of) Sli (101s EEE acme cD
or Rep, ON» FG = eat
< jeer |” 2 = 3
| po
Ep CAE E3oor | TL aE
yF-Jipo ps, Ty N : ="
HX ond dg 3 Th |
Bn SE
> oa” DB Ss ee: Pym] es = : mm
Ra Te 2 | BH
SE

==========================

Processing lines for lottery plays...


PB marker approach found 0 plays, trying consecutive grouping...
Valid numbers: 3, 2, 15, 5, 4, 2, 5, 1, 5, 5, 4, 1, 2, 3, 2, 2, 3, 3, 3, 2
Found play: 2, 3, 4, 5, 15 + PB 2
Found play: 1, 2, 3, 4, 5 + PB 2

Total plays extracted: 2
    → conf=32%, plays=2
  Stage: trying 3 rotations × 1 preproc × 2 PSM
Line cannot be recognized!!
  Trying: rot=90°, PSM=3, preproc=none

=== OCR Text ===
Re) 616
REN 70967 1-78ELL8G 10 e004
tn 0151 S/he! OE eg0e
wees 000 1S
a x aijedn)

SeRrUI0 NOR
aa fc. ay .e2 21 pO Ul
% agua 12 G2 Lc S0 #00
Rocwel Oy gt LL 295%
Mac ad $9 6S OF JO 90 100
NC Mod ©

269621 -bBE/ 185 10-2E IE |
#dvy-¥SI6-YER-#AHA-AQLA-QADZ
WAR ELA MRE Hl
“ APLEING SLIOTL yaa

================


=== Pre-processed Text ===
Re) 616
REN 70 96 7 1-78ELL8G 10 e004
tn 01 51 S/he! OE eg0e
wees 000 1S
a x aijedn)

SeRrUI0 NOR
aa fc. ay .e2 21 pO Ul
% agua 12 G2 Lc S0 #00
Rocwel Oy gt LL 295%
Mac ad $9 6S OF JO 90 100
NC Mod ©

26 96 21 -bBE/ 185 10-2E IE |
#dvy-¥SI6-YER-#AHA-AQLA-QADZ
WAR ELA MRE Hl
“ APLEING SLIOTL yaa

==========================

Processing lines for lottery plays...


PB marker approach found 0 plays, trying consecutive grouping...
Valid numbers: 7, 1, 8, 10, 4, 1, 51, 1, 2, 21, 12, 2, 9, 6, 26, 21, 10, 2, 6
Found play: 1, 4, 7, 8, 10 + PB 1
Found play: 1, 2, 12, 21, 51 + PB 2
Found play: 6, 9, 10, 21, 26 + PB 2

Total plays extracted: 3
    → conf=33%, plays=3
  Trying: rot=90°, PSM=6, preproc=none

=== OCR Text ===
Re) 616
REN 70967 1-78ELL8G 10 e004
tn 0151 S/he! OE eg0e
wees 000 1S
a x aijedn)

SeRrUI0 NOR
aa fc. ay .e2 21 pO Ul
% agua 12 G2 Lc S0 #00
Rocwel Oy gt LL 295%
Mac ad $9 6S OF JO 90 100
NC Mod ©

269621 -bBE/ 185 10-2E IE |
#dvy-¥SI6-YER-#AHA-AQLA-QADZ
WAR ELA MRE Hl
“ APLEING SLIOTL yaa

================


=== Pre-processed Text ===
Re) 616
REN 70 96 7 1-78ELL8G 10 e004
tn 01 51 S/he! OE eg0e
wees 000 1S
a x aijedn)

SeRrUI0 NOR
aa fc. ay .e2 21 pO Ul
% agua 12 G2 Lc S0 #00
Rocwel Oy gt LL 295%
Mac ad $9 6S OF JO 90 100
NC Mod ©

26 96 21 -bBE/ 185 10-2E IE |
#dvy-¥SI6-YER-#AHA-AQLA-QADZ
WAR ELA MRE Hl
“ APLEING SLIOTL yaa

==========================

Processing lines for lottery plays...


PB marker approach found 0 plays, trying consecutive grouping...
Valid numbers: 7, 1, 8, 10, 4, 1, 51, 1, 2, 21, 12, 2, 9, 6, 26, 21, 10, 2, 6
Found play: 1, 4, 7, 8, 10 + PB 1
Found play: 1, 2, 12, 21, 51 + PB 2
Found play: 6, 9, 10, 21, 26 + PB 2

Total plays extracted: 3
    → conf=33%, plays=3
  Trying: rot=180°, PSM=3, preproc=none
Image too small to scale!! (2x36 vs min width of 3)

=== OCR Text ===
Rt :
- EliEE B25 &
OO | haa
| OG EFT | To es Joe C
== i Face | i 0 ke Crs :
— § = - A 4
J Co o~O00 AZoRShERmEE
| NOO | EEA
=F | NO am]as STE = =l
= = A | nad a ma Ea
EE I oo Ae =
Ere awl O<TOW | 0 cio
= = 9 & —0 | &d ea SEE
Do -_ oO i LO Co S68 1
2 = 2 BI E0on00Miz HES
Fx w= 00 SMOMNN | = oy
Z+ = 5 lj : oN
SF dee £2 i Te
CES sa =
He 5 1 TCR
SEE Cre | a
Ee | SoTL | £5 CO
38388 BE

================


=== Pre-processed Text ===
Rt :
- EliEE PB 25 &
OO | haa
| OG EFT | To es Joe C
== i Face | i 0 ke Crs :
— § = - A 4
J Co o~000 AZoRShERmEE
| NOO | EEA
=F | NO am]as STE = =l
= = A | nad a ma Ea
EE I oo Ae =
Ere awl O<TOW | 0 cio
= = 9 & —0 | &d ea SEE
Do -_ oO i LO Co S68 1
2 = 2 BI E0on00Miz HES
Fx w= 00 SMOMNN | = oy
Z+ = 5 lj : oN
SF dee £2 i Te
CES sa =
He 5 1 TCR
SEE Cre | a
Ee | SoTL | £5 CO
38 38 8 BE

==========================

Processing lines for lottery plays...


PB marker approach found 0 plays, trying consecutive grouping...
Valid numbers: 25, 4, 9, 68, 1, 2, 2, 5, 2, 5, 1, 5, 38, 38, 8
Found play: 1, 4, 9, 25, 68 + PB 2

Total plays extracted: 1
    → conf=32%, plays=1
  Trying: rot=180°, PSM=6, preproc=none
Line cannot be recognized!!
Image too small to scale!! (2x36 vs min width of 3)

=== OCR Text ===
Rt :
- EliEE B25 &
OO | haa
| OG EFT | To es Joe C
== i Face | i 0 ke Crs :
— § = - A 4
J Co o~O00 AZoRShERmEE
| NOO | EEA
=F | NO am]as STE = =l
= = A | nad a ma Ea
EE I oo Ae =
Ere awl O<TOW | 0 cio
= = 9 & —0 | &d ea SEE
Do -_ oO i LO Co S68 1
2 = 2 BI E0on00Miz HES
Fx w= 00 SMOMNN | = oy
Z+ = 5 lj : oN
SF dee £2 i Te
CES sa =
He 5 1 TCR
SEE Cre | a
Ee | SoTL | £5 CO
38388 BE

================


=== Pre-processed Text ===
Rt :
- EliEE PB 25 &
OO | haa
| OG EFT | To es Joe C
== i Face | i 0 ke Crs :
— § = - A 4
J Co o~000 AZoRShERmEE
| NOO | EEA
=F | NO am]as STE = =l
= = A | nad a ma Ea
EE I oo Ae =
Ere awl O<TOW | 0 cio
= = 9 & —0 | &d ea SEE
Do -_ oO i LO Co S68 1
2 = 2 BI E0on00Miz HES
Fx w= 00 SMOMNN | = oy
Z+ = 5 lj : oN
SF dee £2 i Te
CES sa =
He 5 1 TCR
SEE Cre | a
Ee | SoTL | £5 CO
38 38 8 BE

==========================

Processing lines for lottery plays...


PB marker approach found 0 plays, trying consecutive grouping...
Valid numbers: 25, 4, 9, 68, 1, 2, 2, 5, 2, 5, 1, 5, 38, 38, 8
Found play: 1, 4, 9, 25, 68 + PB 2

Total plays extracted: 1
    → conf=32%, plays=1
Line cannot be recognized!!
  Trying: rot=270°, PSM=3, preproc=none

=== OCR Text ===
CHECK. TICKETS ON CARER son
BE FEAR EASE A A A
2CYD-VTDV-DHD#-#348-9C54-R4Px
| 3132-015877384-1280632
PONER PLAY NO
yi 98 97 49 53 Bana
0301 11 38 30 398 ®
005 04 12 23 36 59K 06H
Be CL NON-DECLA8#25
Ofer aa)
EK re)
30634000 $10.00 Thin
10/25 151206 THREAT
RO0306340 1130-015677384-129632 z) ow

================


=== Pre-processed Text ===
CHECK. TICKETS ON CARER son
BE FEAR EASE A A A
2CYD-VTDV-DHD#-#348-9C54-R4Px
| 31 32-01 58 77 38 4-12 80 63 2
PONER PLAY NO
yi 98 97 49 53 Bana
03 01 11 38 30 398 ®
005 04 12 23 36 59K 06H
Be CL NON-DECLA8#25
Ofer aa)
EK re)
30 63 40 00 $10.00 Thin
10/25 15 12 06 THREAT
RO03 06 34 0 11 30-01 56 77 38 4-12 96 32 z) ow

==========================

Processing lines for lottery plays...

Line 3: "| 31 32-01 58 77 38 4-12 80 63 2"
  Valid numbers: 31, 32, 1, 58, 38, 4, 12, 63, 2
  ✓ Found play: 4, 12, 38, 58, 63 + PB 2
Line 7: "005 04 12 23 36 59K 06H"
  Valid numbers: 5, 4, 12, 23, 36, 59, 6
  ✓ Found play: 4, 12, 23, 36, 59 + PB 6
Line 13: "RO03 06 34 0 11 30-01 56 77 38 4-12 96 32 z) ow"
  Valid numbers: 3, 6, 34, 11, 30, 1, 56, 38, 4, 12, 32
  ✗ Invalid powerball: 32

Total plays extracted: 2
    → conf=42%, plays=2
  Trying: rot=270°, PSM=6, preproc=none

=== OCR Text ===
CHECK. TICKETS ON CARER son
BE FEAR EASE A A A
2CYD-VTDV-DHD#-#348-9C54-R4Px
| 3132-015877384-1280632
PONER PLAY NO
yi 98 97 49 53 Bana
0301 11 38 30 398 ®
005 04 12 23 36 59K 06H
Be CL NON-DECLA8#25
Ofer aa)
EK re)
30634000 $10.00 Thin
10/25 151206 THREAT
RO0306340 1130-015677384-129632 z) ow

================


=== Pre-processed Text ===
CHECK. TICKETS ON CARER son
BE FEAR EASE A A A
2CYD-VTDV-DHD#-#348-9C54-R4Px
| 31 32-01 58 77 38 4-12 80 63 2
PONER PLAY NO
yi 98 97 49 53 Bana
03 01 11 38 30 398 ®
005 04 12 23 36 59K 06H
Be CL NON-DECLA8#25
Ofer aa)
EK re)
30 63 40 00 $10.00 Thin
10/25 15 12 06 THREAT
RO03 06 34 0 11 30-01 56 77 38 4-12 96 32 z) ow

==========================

Processing lines for lottery plays...

Line 3: "| 31 32-01 58 77 38 4-12 80 63 2"
  Valid numbers: 31, 32, 1, 58, 38, 4, 12, 63, 2
  ✓ Found play: 4, 12, 38, 58, 63 + PB 2
Line 7: "005 04 12 23 36 59K 06H"
  Valid numbers: 5, 4, 12, 23, 36, 59, 6
  ✓ Found play: 4, 12, 23, 36, 59 + PB 6
Line 13: "RO03 06 34 0 11 30-01 56 77 38 4-12 96 32 z) ow"
  Valid numbers: 3, 6, 34, 11, 30, 1, 56, 38, 4, 12, 32
  ✗ Invalid powerball: 32

Total plays extracted: 2
    → conf=42%, plays=2
✓ Found 3 plays in this stage, stopping

Best result: rot=90°, PSM=3, preproc=none
Confidence: 33%, Plays: 3


✗ FAILED: 0/5 plays correct, found 3 total

Details:
  Play 1: 01 04 07 08 10 PB 01 ✗ Expected: 06 07 46 59 64 PB 26
  Play 2: 01 02 12 21 51 PB 02 ✗ Expected: 22 23 37 38 62 PB 07
  Play 3: 06 09 10 21 26 PB 02 ✗ Expected: 01 11 38 40 49 PB 26
  Play 4: MISSING ✗ Expected: 05 21 25 27 51 PB 05
  Play 5: MISSING ✗ Expected: 04 12 23 46 59 PB 06

============================================================
Testing: IMG_5886.HEIC
============================================================
Converting HEIC to JPG...
Starting smart multi-attempt OCR...
  Stage: trying 1 rotations × 2 preproc × 2 PSM
  Trying: rot=0°, PSM=3, preproc=none

=== OCR Text ===
=: BESS | te
x IODONG | gm
= ASN |
aN=NO | 2 22
Le ne
op SINNWWASIL = ZX
-_— | WONT |B E_-
© CANE ID 2 2
ER Oo i O)~OO0= | ES EB =
IR | Es
AOD | -=
DOs (5 ¢ =
Hs ge | ES =
eer | OON | =
BG: Goo~o | 0200=
fis (38888 =
2] A 4 [=]

================


=== Pre-processed Text ===
=: BESS | te
x IODONG | gm
= ASN |
aN=NO | 2 22
Le ne
op SINNWWASIL = ZX
-_— | WONT |B E_-
© CANE ID 2 2
ER Oo i O)~OO0= | ES EB =
IR | Es
AOD | -=
DOs (5 ¢ =
Hs ge | ES =
eer | OON | =
BG: Goo~o | 02 00=
fis (38 88 8 =
2] A 4 [=]

==========================

Processing lines for lottery plays...


PB marker approach found 0 plays, trying consecutive grouping...
Valid numbers: 2, 22, 2, 2, 5, 2, 38, 8, 2, 4

Total plays extracted: 0
    → conf=36%, plays=0
  Trying: rot=0°, PSM=6, preproc=none

=== OCR Text ===
=: BESS | te
x IODONG | gm
= ASN |
aN=NO | 2 22
Le ne
op SINNWWASIL = ZX
-_— | WONT |B E_-
© CANE ID 2 2
ER Oo i O)~OO0= | ES EB =
IR | Es
AOD | -=
DOs (5 ¢ =
Hs ge | ES =
eer | OON | =
BG: Goo~o | 0200=
fis (38888 =
2] A 4 [=]

================


=== Pre-processed Text ===
=: BESS | te
x IODONG | gm
= ASN |
aN=NO | 2 22
Le ne
op SINNWWASIL = ZX
-_— | WONT |B E_-
© CANE ID 2 2
ER Oo i O)~OO0= | ES EB =
IR | Es
AOD | -=
DOs (5 ¢ =
Hs ge | ES =
eer | OON | =
BG: Goo~o | 02 00=
fis (38 88 8 =
2] A 4 [=]

==========================

Processing lines for lottery plays...


PB marker approach found 0 plays, trying consecutive grouping...
Valid numbers: 2, 22, 2, 2, 5, 2, 38, 8, 2, 4

Total plays extracted: 0
    → conf=36%, plays=0
  Trying: rot=0°, PSM=3, preproc=default

=== OCR Text ===
ERY.COM ~~ MNLOTTERVICE
x  BRB[2 | we
% OQOND | go
= AO-NG |
as |S ==
PARTE = = =
SiNNWWA 1S © =X
= oo WONDER mT x
[Tl | | 3 =
© Clans Ig +2 2
© | 0NoRD={® B=
SB gnao0= § 5 2
 O=ONS -
ro BBS | 2 =
Een | OONON | -
FE | G00 =
Se 22888 =

================


=== Pre-processed Text ===
ERY.COM ~~ MNLOTTERVICE
x  BRB[2 | we
% OQOND | go
= AO-NG |
as |S ==
PARTE = = =
SiNNWWA 1S © =X
= oo WONDER mT x
[Tl | | 3 =
© Clans Ig +2 2
© | 0NoRD={® B=
SB gnao0= § 5 2
 O=ONS -
ro BBS | 2 =
Een | OONON | -
FE | G00 =
Se 22 88 8 =

==========================

Processing lines for lottery plays...


PB marker approach found 0 plays, trying consecutive grouping...
Valid numbers: 2, 1, 3, 2, 2, 5, 2, 2, 22, 8

Total plays extracted: 0
    → conf=33%, plays=0
  Trying: rot=0°, PSM=6, preproc=default

=== OCR Text ===
ERY.COM ~~ MNLOTTERVICE
x  BRB[2 | we
% OQOND | go
= AO-NG |
as |S ==
PARTE = = =
SiNNWWA 1S © =X
= oo WONDER mT x
[Tl | | 3 =
© Clans Ig +2 2
© | 0NoRD={® B=
SB gnao0= § 5 2
 O=ONS -
ro BBS | 2 =
Een | OONON | -
FE | G00 =
Se 22888 =

================


=== Pre-processed Text ===
ERY.COM ~~ MNLOTTERVICE
x  BRB[2 | we
% OQOND | go
= AO-NG |
as |S ==
PARTE = = =
SiNNWWA 1S © =X
= oo WONDER mT x
[Tl | | 3 =
© Clans Ig +2 2
© | 0NoRD={® B=
SB gnao0= § 5 2
 O=ONS -
ro BBS | 2 =
Een | OONON | -
FE | G00 =
Se 22 88 8 =

==========================

Processing lines for lottery plays...


PB marker approach found 0 plays, trying consecutive grouping...
Valid numbers: 2, 1, 3, 2, 2, 5, 2, 2, 22, 8

Total plays extracted: 0
    → conf=33%, plays=0
  Stage: trying 3 rotations × 1 preproc × 2 PSM
  Trying: rot=90°, PSM=3, preproc=none
Image too small to scale!! (1x36 vs min width of 3)

=== OCR Text ===
NR An A . 00Uv
EE ae 0001S dE
[E52 saara 1] -
Gg G1 730 NOw n
gy 90 86d 6S 9¥ EZ cL +0 00°

gg GO 8d LG 22 SZ LZ SO #00 =

MH Oc dd6y OF 8E LL LOCO

gy 208d 29 8E LE EZ Zc i=

9 92 4d ¥9 6S 9¢ 210 90 100°
ont Th SN ©
29621 -¥8ELL8G10-CELE =

db H-¥SB-3VE4-#TOHO-NQLA-GATC ®

ce

(U1 AI SA (I

================


=== Pre-processed Text ===
NR An A . 00Uv
EE ae 00 01S dE
[E52 saara 1] -
Gg G1 730 NOw n
gy 90 86d 6S 9¥ EZ cL +0 00°

gg GO 8d LG 22 SZ LZ SO #00 =

MH Oc dd6y OF 8E LL LOCO

gy 208d 29 8E LE EZ Zc i=

9 92 4d ¥9 6S 9¢ 210 90 100°
ont Th SN ©
29 62 1 -¥8ELL8G10-CELE =

db H-¥SB-3VE4-#TOHO-NQLA-GATC ®

ce

(U1 AI SA (I

==========================

Processing lines for lottery plays...

Line 14: "29 62 1 -¥8ELL8G10-CELE ="
  Valid numbers: 29, 62, 1, 8, 8, 10
  ✗ White balls not unique: 29, 62, 1, 8, 8

PB marker approach found 0 plays, trying consecutive grouping...
Valid numbers: 1, 52, 1, 1, 6, 9, 8, 22, 6, 8, 29, 8, 9, 4, 9, 6, 9, 29, 62, 1, 8, 8, 10, 3, 4, 1
Found play: 1, 6, 8, 9, 22 + PB 6
Found play: 1, 6, 9, 29, 62 + PB 8

Total plays extracted: 2
    → conf=44%, plays=2
  Trying: rot=90°, PSM=6, preproc=none
Line cannot be recognized!!
Image too small to scale!! (1x36 vs min width of 3)

=== OCR Text ===
NR An A . 00Uv
EE ae 0001S dE
[E52 saara 1] -
Gg G1 730 NOw n
gy 90 86d 6S 9¥ EZ cL +0 00°

gg GO 8d LG 22 SZ LZ SO #00 =

MH Oc dd6y OF 8E LL LOCO

gy 208d 29 8E LE EZ Zc i=

9 92 4d ¥9 6S 9¢ 210 90 100°
ont Th SN ©
29621 -¥8ELL8G10-CELE =

db H-¥SB-3VE4-#TOHO-NQLA-GATC ®

ce

(U1 AI SA (I

================


=== Pre-processed Text ===
NR An A . 00Uv
EE ae 00 01S dE
[E52 saara 1] -
Gg G1 730 NOw n
gy 90 86d 6S 9¥ EZ cL +0 00°

gg GO 8d LG 22 SZ LZ SO #00 =

MH Oc dd6y OF 8E LL LOCO

gy 208d 29 8E LE EZ Zc i=

9 92 4d ¥9 6S 9¢ 210 90 100°
ont Th SN ©
29 62 1 -¥8ELL8G10-CELE =

db H-¥SB-3VE4-#TOHO-NQLA-GATC ®

ce

(U1 AI SA (I

==========================

Processing lines for lottery plays...

Line 14: "29 62 1 -¥8ELL8G10-CELE ="
  Valid numbers: 29, 62, 1, 8, 8, 10
  ✗ White balls not unique: 29, 62, 1, 8, 8

PB marker approach found 0 plays, trying consecutive grouping...
Valid numbers: 1, 52, 1, 1, 6, 9, 8, 22, 6, 8, 29, 8, 9, 4, 9, 6, 9, 29, 62, 1, 8, 8, 10, 3, 4, 1
Found play: 1, 6, 8, 9, 22 + PB 6
Found play: 1, 6, 9, 29, 62 + PB 8

Total plays extracted: 2
    → conf=44%, plays=2
Line cannot be recognized!!
  Trying: rot=180°, PSM=3, preproc=none

=== OCR Text ===
-  ggegs! sl
CC ONONO TT EEEE
= = 1 NOEOSE Se
— | malaalaalsalas) | pa Ss
-B= or i aaaoo |! Od 4.1,
= 0 0 | <TNO—0) i
i s & —00TOW | LO &
oi |
a= I =o
ZT 2I=S0ONNT Lo
= = 2 SSonoumiz on
= 1 QIETMONN | 2
=> 2 NO-eO
N= = | CHEE
Eo  ON—OY S
re i CONQOQOO i Ne
ne === &

================


=== Pre-processed Text ===
-  ggegs! sl
CC ONONO TT EEEE
= = 1 NOEOSE Se
— | malaalaalsalas) | pa Ss
-B= or i aaaoo |! Od 4.1,
= 0 0 | <TNO—0) i
i s & —00TOW | LO &
oi |
a= I =o
ZT 2I=S0ONNT Lo
= = 2 SSonoumiz on
= 1 QIETMONN | 2
=> 2 NO-eO
N= = | CHEE
Eo  ON—OY S
re i CONQOQOO i Ne
ne === &

==========================

Processing lines for lottery plays...


PB marker approach found 0 plays, trying consecutive grouping...
Valid numbers: 1, 4, 1, 2, 2, 1, 2, 2

Total plays extracted: 0
    → conf=36%, plays=0
  Trying: rot=180°, PSM=6, preproc=none

=== OCR Text ===
-  ggegs! sl
CC ONONO TT EEEE
= = 1 NOEOSE Se
— | malaalaalsalas) | pa Ss
-B= or i aaaoo |! Od 4.1,
= 0 0 | <TNO—0) i
i s & —00TOW | LO &
oi |
a= I =o
ZT 2I=S0ONNT Lo
= = 2 SSonoumiz on
= 1 QIETMONN | 2
=> 2 NO-eO
N= = | CHEE
Eo  ON—OY S
re i CONQOQOO i Ne
ne === &

================


=== Pre-processed Text ===
-  ggegs! sl
CC ONONO TT EEEE
= = 1 NOEOSE Se
— | malaalaalsalas) | pa Ss
-B= or i aaaoo |! Od 4.1,
= 0 0 | <TNO—0) i
i s & —00TOW | LO &
oi |
a= I =o
ZT 2I=S0ONNT Lo
= = 2 SSonoumiz on
= 1 QIETMONN | 2
=> 2 NO-eO
N= = | CHEE
Eo  ON—OY S
re i CONQOQOO i Ne
ne === &

==========================

Processing lines for lottery plays...


PB marker approach found 0 plays, trying consecutive grouping...
Valid numbers: 1, 4, 1, 2, 2, 1, 2, 2

Total plays extracted: 0
    → conf=36%, plays=0
  Trying: rot=270°, PSM=3, preproc=none
Image too small to scale!! (1x36 vs min width of 3)

=== OCR Text ===
IRE PPA ATEN ET nr

= OCYD-VTDV-DHD#-#348-9C54-R4P#

= 3132-015877384-129632

a

E OER PLAY NU

001 06 07 46 59 64 PB 26 16

L002 22 23 37 38 6207 16

"00301 11 38 40 49826 (©

0:05 21 25 27 B51 E03

P30: 04 72 23 36 59M 08H

v MON DEC 15 25

po : —
J

- 20634000 St 0.00 Grane AT

================


=== Pre-processed Text ===
IRE PPA ATEN ET nr

= OCYD-VTDV-DHD#-#348-9C54-R4P#

= 31 32-01 58 77 38 4-12 96 32

a

E OER PLAY NU

001 06 07 46 59 64 PB 26 16

L002 22 23 37 38 62 07 16

"00 30 1 11 38 40 49 82 6 (©

0:05 21 25 27 PB 51 E03

P30: 04 12 23 36 59 PB 08H

v MON DEC 15 25

po : —
J

- 20 63 40 00 St 0.00 Grane AT

==========================

Processing lines for lottery plays...

Line 4: "= 31 32-01 58 77 38 4-12 96 32"
  Valid numbers: 31, 32, 1, 58, 38, 4, 12, 32
  ✗ Invalid powerball: 32
Line 10: "001 06 07 46 59 64 PB 26 16"
  Valid numbers: 1, 6, 7, 46, 59, 64, 26, 16
  Found PB marker with powerball: 26 at index 6
  ✓ Found play: 6, 7, 46, 59, 64 + PB 26
Line 12: "L002 22 23 37 38 62 07 16"
  Valid numbers: 2, 22, 23, 37, 38, 62, 7, 16
  ✓ Found play: 7, 23, 37, 38, 62 + PB 16
Line 14: ""00 30 1 11 38 40 49 82 6 (©"
  Valid numbers: 30, 1, 11, 38, 40, 49, 6
  ✓ Found play: 1, 11, 38, 40, 49 + PB 6
Line 16: "0:05 21 25 27 PB 51 E03"
  Valid numbers: 5, 21, 25, 27, 51, 3
  ✓ Found play: 5, 21, 25, 27, 51 + PB 3
Line 18: "P30: 04 12 23 36 59 PB 08H"
  Valid numbers: 30, 4, 12, 23, 36, 59, 8
  Found PB marker with powerball: 8 at index 6
  ✓ Found play: 4, 12, 23, 36, 59 + PB 8

Total plays extracted: 5
    → conf=56%, plays=5
  Trying: rot=270°, PSM=6, preproc=none
Line cannot be recognized!!
Image too small to scale!! (1x36 vs min width of 3)

=== OCR Text ===
IRE PPA ATEN ET nr

= OCYD-VTDV-DHD#-#348-9C54-R4P#

= 3132-015877384-129632

a

E OER PLAY NU

001 06 07 46 59 64 PB 26 16

L002 22 23 37 38 6207 16

"00301 11 38 40 49826 (©

0:05 21 25 27 B51 E03

P30: 04 72 23 36 59M 08H

v MON DEC 15 25

po : —
J

- 20634000 St 0.00 Grane AT

================


=== Pre-processed Text ===
IRE PPA ATEN ET nr

= OCYD-VTDV-DHD#-#348-9C54-R4P#

= 31 32-01 58 77 38 4-12 96 32

a

E OER PLAY NU

001 06 07 46 59 64 PB 26 16

L002 22 23 37 38 62 07 16

"00 30 1 11 38 40 49 82 6 (©

0:05 21 25 27 PB 51 E03

P30: 04 12 23 36 59 PB 08H

v MON DEC 15 25

po : —
J

- 20 63 40 00 St 0.00 Grane AT

==========================

Processing lines for lottery plays...

Line 4: "= 31 32-01 58 77 38 4-12 96 32"
  Valid numbers: 31, 32, 1, 58, 38, 4, 12, 32
  ✗ Invalid powerball: 32
Line 10: "001 06 07 46 59 64 PB 26 16"
  Valid numbers: 1, 6, 7, 46, 59, 64, 26, 16
  Found PB marker with powerball: 26 at index 6
  ✓ Found play: 6, 7, 46, 59, 64 + PB 26
Line 12: "L002 22 23 37 38 62 07 16"
  Valid numbers: 2, 22, 23, 37, 38, 62, 7, 16
  ✓ Found play: 7, 23, 37, 38, 62 + PB 16
Line 14: ""00 30 1 11 38 40 49 82 6 (©"
  Valid numbers: 30, 1, 11, 38, 40, 49, 6
  ✓ Found play: 1, 11, 38, 40, 49 + PB 6
Line 16: "0:05 21 25 27 PB 51 E03"
  Valid numbers: 5, 21, 25, 27, 51, 3
  ✓ Found play: 5, 21, 25, 27, 51 + PB 3
Line 18: "P30: 04 12 23 36 59 PB 08H"
  Valid numbers: 30, 4, 12, 23, 36, 59, 8
  Found PB marker with powerball: 8 at index 6
  ✓ Found play: 4, 12, 23, 36, 59 + PB 8

Total plays extracted: 5
    → conf=56%, plays=5
✓ Found 5 plays in this stage, stopping

Best result: rot=270°, PSM=3, preproc=none
Confidence: 56%, Plays: 5


✗ FAILED: 1/5 plays correct, found 5 total

Details:
  Play 1: 06 07 46 59 64 PB 26 ✓
  Play 2: 07 23 37 38 62 PB 16 ✗ Expected: 22 23 37 38 62 PB 07
  Play 3: 01 11 38 40 49 PB 06 ✗ Expected: 01 11 38 40 49 PB 26
  Play 4: 05 21 25 27 51 PB 03 ✗ Expected: 05 21 25 27 51 PB 05
  Play 5: 04 12 23 36 59 PB 08 ✗ Expected: 04 12 23 46 59 PB 06

============================================================
Testing: IMG_5887.HEIC
============================================================
Converting HEIC to JPG...
Line cannot be recognized!!
Starting smart multi-attempt OCR...
  Stage: trying 1 rotations × 2 preproc × 2 PSM
  Trying: rot=0°, PSM=3, preproc=none

=== OCR Text ===
LL — pr TT MN k 4 TERY.COM
HS GTTERV.COM ~~ WMNLOTTERY.COM _ MNLOTTERVCOM tre
M NL - oy | CoO O BN
8 HT ECON —_—
w OD | |
— 25 | RO=NG | ac
—_— = £9 BS ==iE
— I \
=— a an=NO LS 5 0 ©
= Ema INRA z
— = —. ik 1
E——= EEE DE = NN Cea = —
= ——+3 0 (=) =] [= 0 NNWWAS |=) ! a Ey ZZ
— Die > =O Em (Jp) == = | = 9 -_ m3
== = @ E> oJ md WOONOES | = =) = TT Zz
— Er er ch pa — > | ONOROZ= | = = EBD a= O
= BEER ‘= There =: L = ==
— Bl. Zan A Do SQUAT |B SB = AT =
=== © wn Q re— = NO do] 3 ; on ==
pra— = CPS) TUT 0 mg =
=a Ege Te | REC
= o TOUEERY loonOn | FO=E
== Ol Nora ¥ L QHUO)NO) nll
EE | HOO —
wTednE Fey

================


=== Pre-processed Text ===
LL — pr TT MN k 4 TERY.COM
HS GTTERV.COM ~~ WMNLOTTERY.COM _ MNLOTTERVCOM tre
M NL - oy | CoO O BN
8 HT ECON —_—
w OD | |
— 25 | RO=NG | ac
—_— = £9 BS ==iE
— I \
=— a an=NO LS 5 0 ©
= Ema INRA z
— = —. ik 1
E——= EEE DE = NN Cea = —
= ——+3 0 (=) =] [= 0 NNWWAS |=) ! a Ey ZZ
— Die > =O Em (Jp) == = | = 9 -_ PB 3
== = @ E> oJ md WOONOES | = =) = TT Zz
— Er er ch pa — > | ONOROZ= | = = EBD a= O
= BEER ‘= There =: L = ==
— Bl. Zan A Do SQUAT |B SB = AT =
=== © wn Q re— = NO do] 3 ; on ==
pra— = CPS) TUT 0 mg =
=a Ege Te | REC
= o TOUEERY loonOn | FO=E
== Ol Nora ¥ L QHUO)NO) nll
EE | HOO —
wTednE Fey

==========================

Processing lines for lottery plays...


PB marker approach found 0 plays, trying consecutive grouping...
Valid numbers: 4, 8, 25, 9, 5, 1, 3, 9, 3, 3
Found play: 4, 5, 8, 9, 25 + PB 1

Total plays extracted: 1
    → conf=37%, plays=1
  Trying: rot=0°, PSM=6, preproc=none

=== OCR Text ===
LL — pr TT MN k 4 TERY.COM
HS GTTERV.COM ~~ WMNLOTTERY.COM _ MNLOTTERVCOM tre
M NL - oy | CoO O BN
8 HT ECON —_—
w OD | |
— 25 | RO=NG | ac
—_— = £9 BS ==iE
— I \
=— a an=NO LS 5 0 ©
= Ema INRA z
— = —. ik 1
E——= EEE DE = NN Cea = —
= ——+3 0 (=) =] [= 0 NNWWAS |=) ! a Ey ZZ
— Die > =O Em (Jp) == = | = 9 -_ m3
== = @ E> oJ md WOONOES | = =) = TT Zz
— Er er ch pa — > | ONOROZ= | = = EBD a= O
= BEER ‘= There =: L = ==
— Bl. Zan A Do SQUAT |B SB = AT =
=== © wn Q re— = NO do] 3 ; on ==
pra— = CPS) TUT 0 mg =
=a Ege Te | REC
= o TOUEERY loonOn | FO=E
== Ol Nora ¥ L QHUO)NO) nll
EE | HOO —
wTednE Fey

================


=== Pre-processed Text ===
LL — pr TT MN k 4 TERY.COM
HS GTTERV.COM ~~ WMNLOTTERY.COM _ MNLOTTERVCOM tre
M NL - oy | CoO O BN
8 HT ECON —_—
w OD | |
— 25 | RO=NG | ac
—_— = £9 BS ==iE
— I \
=— a an=NO LS 5 0 ©
= Ema INRA z
— = —. ik 1
E——= EEE DE = NN Cea = —
= ——+3 0 (=) =] [= 0 NNWWAS |=) ! a Ey ZZ
— Die > =O Em (Jp) == = | = 9 -_ PB 3
== = @ E> oJ md WOONOES | = =) = TT Zz
— Er er ch pa — > | ONOROZ= | = = EBD a= O
= BEER ‘= There =: L = ==
— Bl. Zan A Do SQUAT |B SB = AT =
=== © wn Q re— = NO do] 3 ; on ==
pra— = CPS) TUT 0 mg =
=a Ege Te | REC
= o TOUEERY loonOn | FO=E
== Ol Nora ¥ L QHUO)NO) nll
EE | HOO —
wTednE Fey

==========================

Processing lines for lottery plays...


PB marker approach found 0 plays, trying consecutive grouping...
Valid numbers: 4, 8, 25, 9, 5, 1, 3, 9, 3, 3
Found play: 4, 5, 8, 9, 25 + PB 1

Total plays extracted: 1
    → conf=37%, plays=1
  Trying: rot=0°, PSM=3, preproc=default
Image too small to scale!! (2x36 vs min width of 3)

=== OCR Text ===
bat ET 4 MNLOTTERY.COM
NLIOTTERY.COM MNLOTTERY.C
"YTERY.COM  MNLOTTERY.
~YTERY.COI MNLOTTERY.COM _ ™M i
NL Y.COM ===
OTTER es S33 |
MAL hs 2 | Ea
2  0OONO | —
= £2 BUISROE | SR Nee
= = £8 | B= oon
Ee — Se w N DEON re >
— =1 i: nN OO mw H=
5 Zo { Foe ! | R = == =
— —+3 = [@)] — _2 = RN PE==> ior oT i
— a a= NH WO Fig 5 Se — Z
— Om — 2 COS = jo a I= = == oh
== == = © = aE =
— ete 0 <i oly oo Gok! ANDROIZ= + mm 22
— Sips = @B— Bat 90]d0) RX Za BB ©)
SOIT =o ey > | ONO — = = Tom= ==
— == =~ x= 5 _—— = s
= DoEMEERN SSS | = LT = 33
— Sra wn x J = | i | 3 2 m5 OO
—— S<-'@ ow 2 | D=0N zg :
== Dt CE 5 {2h WE | = = = =
—— = =o PHO Ce ei | = I 3 |
p— SE 2 EY ! = | = == =
= Seg | OONON | == >
— ° oo IEEEENY oo = =
—— S  ASNERSEE | HOOD) | \
pr RA pode | [=]
P WANE zEess | =
BEE

================


=== Pre-processed Text ===
bat ET 4 MNLOTTERY.COM
NLIOTTERY.COM MNLOTTERY.C
"YTERY.COM  MNLOTTERY.
~YTERY.COI MNLOTTERY.COM _ ™M i
NL Y.COM ===
OTTER es S33 |
MAL hs 2 | Ea
2  0OONO | —
= £2 BUISROE | SR Nee
= = £8 | B= oon
Ee — Se w N DEON re >
— =1 i: nN OO mw H=
5 Zo { Foe ! | R = == =
— —+3 = [@)] — _2 = RN PE==> ior oT i
— a a= NH WO Fig 5 Se — Z
— Om — 2 COS = jo a I= = == oh
== == = © = aE =
— ete 0 <i oly oo Gok! ANDROIZ= + PB 22
— Sips = @B— Bat 90]d0) RX Za BB ©)
SOIT =o ey > | ONO — = = Tom= ==
— == =~ x= 5 _—— = s
= DoEMEERN SSS | = LT = 33
— Sra wn x J = | i | 3 2 PB 5 OO
—— S<-'@ ow 2 | D=0N zg :
== Dt CE 5 {2h WE | = = = =
—— = =o PHO Ce ei | = I 3 |
p— SE 2 EY ! = | = == =
= Seg | OONON | == >
— ° oo IEEEENY oo = =
—— S  ASNERSEE | HOOD) | \
pr RA pode | [=]
P WANE zEess | =
BEE

==========================

Processing lines for lottery plays...


PB marker approach found 0 plays, trying consecutive grouping...
Valid numbers: 4, 33, 2, 2, 2, 8, 1, 5, 3, 2, 5, 2, 22, 5, 33, 3, 2, 5, 2, 5, 2, 3, 2
Found play: 1, 2, 3, 5, 8 + PB 2
Found play: 2, 3, 5, 22, 33 + PB 2

Total plays extracted: 2
    → conf=45%, plays=2
  Trying: rot=0°, PSM=6, preproc=default
Line cannot be recognized!!
Image too small to scale!! (2x36 vs min width of 3)

=== OCR Text ===
bat ET 4 MNLOTTERY.COM
NLIOTTERY.COM MNLOTTERY.C
"YTERY.COM  MNLOTTERY.
~YTERY.COI MNLOTTERY.COM _ ™M i
NL Y.COM ===
OTTER es S33 |
MAL hs 2 | Ea
2  0OONO | —
= £2 BUISROE | SR Nee
= = £8 | B= oon
Ee — Se w N DEON re >
— =1 i: nN OO mw H=
5 Zo { Foe ! | R = == =
— —+3 = [@)] — _2 = RN PE==> ior oT i
— a a= NH WO Fig 5 Se — Z
— Om — 2 COS = jo a I= = == oh
== == = © = aE =
— ete 0 <i oly oo Gok! ANDROIZ= + mm 22
— Sips = @B— Bat 90]d0) RX Za BB ©)
SOIT =o ey > | ONO — = = Tom= ==
— == =~ x= 5 _—— = s
= DoEMEERN SSS | = LT = 33
— Sra wn x J = | i | 3 2 m5 OO
—— S<-'@ ow 2 | D=0N zg :
== Dt CE 5 {2h WE | = = = =
—— = =o PHO Ce ei | = I 3 |
p— SE 2 EY ! = | = == =
= Seg | OONON | == >
— ° oo IEEEENY oo = =
—— S  ASNERSEE | HOOD) | \
pr RA pode | [=]
P WANE zEess | =
BEE

================


=== Pre-processed Text ===
bat ET 4 MNLOTTERY.COM
NLIOTTERY.COM MNLOTTERY.C
"YTERY.COM  MNLOTTERY.
~YTERY.COI MNLOTTERY.COM _ ™M i
NL Y.COM ===
OTTER es S33 |
MAL hs 2 | Ea
2  0OONO | —
= £2 BUISROE | SR Nee
= = £8 | B= oon
Ee — Se w N DEON re >
— =1 i: nN OO mw H=
5 Zo { Foe ! | R = == =
— —+3 = [@)] — _2 = RN PE==> ior oT i
— a a= NH WO Fig 5 Se — Z
— Om — 2 COS = jo a I= = == oh
== == = © = aE =
— ete 0 <i oly oo Gok! ANDROIZ= + PB 22
— Sips = @B— Bat 90]d0) RX Za BB ©)
SOIT =o ey > | ONO — = = Tom= ==
— == =~ x= 5 _—— = s
= DoEMEERN SSS | = LT = 33
— Sra wn x J = | i | 3 2 PB 5 OO
—— S<-'@ ow 2 | D=0N zg :
== Dt CE 5 {2h WE | = = = =
—— = =o PHO Ce ei | = I 3 |
p— SE 2 EY ! = | = == =
= Seg | OONON | == >
— ° oo IEEEENY oo = =
—— S  ASNERSEE | HOOD) | \
pr RA pode | [=]
P WANE zEess | =
BEE

==========================

Processing lines for lottery plays...


PB marker approach found 0 plays, trying consecutive grouping...
Valid numbers: 4, 33, 2, 2, 2, 8, 1, 5, 3, 2, 5, 2, 22, 5, 33, 3, 2, 5, 2, 5, 2, 3, 2
Found play: 1, 2, 3, 5, 8 + PB 2
Found play: 2, 3, 5, 22, 33 + PB 2

Total plays extracted: 2
    → conf=45%, plays=2
  Stage: trying 3 rotations × 1 preproc × 2 PSM
Line cannot be recognized!!
  Trying: rot=90°, PSM=3, preproc=none
Image too small to scale!! (2x36 vs min width of 3)

=== OCR Text ===
ees
2!
-
OQ
ELE
od
m
n|
«
* 19] eye) AJ8110| AUP ry
1LSIA JO oa: A18110| ull el
01 0B ‘5 jaqunu Bu LLU EM 404 4
105011 JnoA %08y) |
OXD-YBEAE~LEXHHG-L HDG ZG LNAM .
Z
EEE
ok £967 1-¥BELLBGIO CELE 5
ay 90°¢l-Gl §e/vl/el Le
Lo 0001S -
feta Bl
i ww LT
090 46S 9¥ €2 ZL ¥O 500 |
Goad LG 22 G2 Lo SO 100
hoc ddl OF BE LL LO L001
20 8d 29 8€ LE £2 << cll
Wm 9c id +9 6S 9¥ 210 90 tis
Ton RRL.
269621 -¥BELLBGI0-CELE Bc
ip 4-bGB-3ES-#THO-NQLA-OADC EE
=<
READ MRE fe ET
dd AH3LLOT NO SLINILL YIFHD ™
01 30004¥8 SIHL Nv3S |
z|
i
3 |
BH Soomod
~4
—
mi .
I
|
Vv 10SaINNIN 9
|

================


=== Pre-processed Text ===
ees
2!
-
OQ
ELE
od
m
n|
«
* 19] eye) AJ81 10| AUP ry
1LSIA JO oa: A18 11 0| ull el
01 0 ‘5 jaqunu Bu LLU EPB 404 4
10 50 11 JnoA %08y) |
OXD-YBEAE~LEXHHG-L HDG ZG LNAM .
Z
EEE
ok £967 1-¥BELLBGIO CELE 5
ay 90°¢l-Gl §e/vl/el Le
Lo 00 01S -
feta Bl
i ww LT
090 46S 9¥ €2 ZL ¥O 500 |
Goad LG 22 G2 Lo SO 100
hoc ddl OF BE LL LO L001
20 8d 29 8€ LE £2 << cll
WPB 9c id +9 6S 9¥ 210 90 tis
Ton RRL.
26 96 21 -¥BELLBGI0-CELE Bc
ip 4-bGB-3ES-#THO-NQLA-OADC EE
=<
READ MRE fe ET
dd AH3LLOT NO SLINILL YIFHD ™
01 30 00 4¥8 SIHL Nv3S |
z|
i
3 |
BH Soomod
~4
—
mi .
I
|
Vv 10SaINNIN 9
|

==========================

Processing lines for lottery plays...


PB marker approach found 0 plays, trying consecutive grouping...
Valid numbers: 2, 19, 10, 1, 18, 11, 1, 5, 4, 10, 50, 11, 8, 1, 5, 1, 46, 9, 2, 22, 2, 1, 20, 8, 29, 8, 2, 9, 9, 6, 9, 26, 21, 4, 3, 3, 1, 30, 4, 8, 3, 3, 4, 10, 9
Found play: 1, 2, 10, 18, 19 + PB 11
Found play: 1, 4, 5, 10, 50 + PB 11
Found play: 1, 2, 5, 9, 46 + PB 22
Found play: 1, 2, 8, 20, 29 + PB 8
Found play: 4, 6, 9, 21, 26 + PB 3
Found play: 1, 3, 4, 8, 30 + PB 3

Total plays extracted: 6
    → conf=34%, plays=6
  Trying: rot=90°, PSM=6, preproc=none
Line cannot be recognized!!
Image too small to scale!! (2x36 vs min width of 3)
Line cannot be recognized!!
Image too small to scale!! (2x36 vs min width of 3)

=== OCR Text ===
ees
2!
-
OQ
ELE
od
m
n|
«
* 19] eye) AJ8110| AUP ry
1LSIA JO oa: A18110| ull el
01 0B ‘5 jaqunu Bu LLU EM 404 4
105011 JnoA %08y) |
OXD-YBEAE~LEXHHG-L HDG ZG LNAM .
Z
EEE
ok £967 1-¥BELLBGIO CELE 5
ay 90°¢l-Gl §e/vl/el Le
Lo 0001S -
feta Bl
i ww LT
090 46S 9¥ €2 ZL ¥O 500 |
Goad LG 22 G2 Lo SO 100
hoc ddl OF BE LL LO L001
20 8d 29 8€ LE £2 << cll
Wm 9c id +9 6S 9¥ 210 90 tis
Ton RRL.
269621 -¥BELLBGI0-CELE Bc
ip 4-bGB-3ES-#THO-NQLA-OADC EE
=<
READ MRE fe ET
dd AH3LLOT NO SLINILL YIFHD ™
01 30004¥8 SIHL Nv3S |
z|
i
3 |
BH Soomod
~4
—
mi .
I
|
Vv 10SaINNIN 9
|

================


=== Pre-processed Text ===
ees
2!
-
OQ
ELE
od
m
n|
«
* 19] eye) AJ81 10| AUP ry
1LSIA JO oa: A18 11 0| ull el
01 0 ‘5 jaqunu Bu LLU EPB 404 4
10 50 11 JnoA %08y) |
OXD-YBEAE~LEXHHG-L HDG ZG LNAM .
Z
EEE
ok £967 1-¥BELLBGIO CELE 5
ay 90°¢l-Gl §e/vl/el Le
Lo 00 01S -
feta Bl
i ww LT
090 46S 9¥ €2 ZL ¥O 500 |
Goad LG 22 G2 Lo SO 100
hoc ddl OF BE LL LO L001
20 8d 29 8€ LE £2 << cll
WPB 9c id +9 6S 9¥ 210 90 tis
Ton RRL.
26 96 21 -¥BELLBGI0-CELE Bc
ip 4-bGB-3ES-#THO-NQLA-OADC EE
=<
READ MRE fe ET
dd AH3LLOT NO SLINILL YIFHD ™
01 30 00 4¥8 SIHL Nv3S |
z|
i
3 |
BH Soomod
~4
—
mi .
I
|
Vv 10SaINNIN 9
|

==========================

Processing lines for lottery plays...


PB marker approach found 0 plays, trying consecutive grouping...
Valid numbers: 2, 19, 10, 1, 18, 11, 1, 5, 4, 10, 50, 11, 8, 1, 5, 1, 46, 9, 2, 22, 2, 1, 20, 8, 29, 8, 2, 9, 9, 6, 9, 26, 21, 4, 3, 3, 1, 30, 4, 8, 3, 3, 4, 10, 9
Found play: 1, 2, 10, 18, 19 + PB 11
Found play: 1, 4, 5, 10, 50 + PB 11
Found play: 1, 2, 5, 9, 46 + PB 22
Found play: 1, 2, 8, 20, 29 + PB 8
Found play: 4, 6, 9, 21, 26 + PB 3
Found play: 1, 3, 4, 8, 30 + PB 3

Total plays extracted: 6
    → conf=34%, plays=6
Line cannot be recognized!!
Image too small to scale!! (2x36 vs min width of 3)
Line cannot be recognized!!
  Trying: rot=180°, PSM=3, preproc=none

=== OCR Text ===
sa : [a fox fe (a fac) soa 1
6 =u  o~owol § Ne
F= | RE
aL — Fas | NONQCO \ 4 Lea E S) —
= Ee | % i = —
<C == l fanlanlan{aa]s sil : bh : o p—
he | AEEECE EE FIER) OR4 Li Bl J f= ——
<L OO === IEC | 4 ae = on —
> SE 2 _50%00 | see —
®) = oy ON COTW re © wo = += Seo
=) =) os Tm [ray] 2D / oi — —
0p) oO == TI =! => (==) STRSS = © 2 ==
LJ 2m eR 3 | ZcnEOoN0 | 2 J oD £30 —
im == = 0, = 0NTNT J SPSL = = = —
Zz - | ~ LO I = Ten —
(plop) cid =] hd (=o wo 2 = “29 —
i oe TT— 2S BB) a B= — Oe = fa
== = (= — Lt aNOLnMm | SS i oO ei
= = = I SSR = SH Tw [db] = TE ——
= = IN <MMNN | 2 Se = x—=@O —
= == == <= 3
™ i SC (a ] —
© R= co las (ime (0 io EEE ==
Ell | == = E ==
a ONY SF =
= . ONOOO | = ==
-  Sagme! SS
HOD'A - CO.CC.) , oo
Rigs YAYILLOINW,  WOIAVILIOTEE. _KHOD'A ¥ILLIO0IN Wo ~ WOD'AY ETT

================


=== Pre-processed Text ===
sa : [a fox fe (a fac) soa 1
6 =u  o~owol § Ne
F= | RE
aL — Fas | NONQCO \ 4 Lea E S) —
= Ee | % i = —
<C == l fanlanlan{aa]s sil : bh : o p—
he | AEEECE EE FIER) OR4 Li Bl J f= ——
<L OO === IEC | 4 ae = on —
> SE 2 _50%00 | see —
®) = oy ON COTW re © wo = += Seo
=) =) os Tm [ray] 2D / oi — —
0p) oO == TI =! => (==) STRSS = © 2 ==
LJ 2m eR 3 | ZcnEOoN0 | 2 J oD £30 —
im == = 0, = 0NTNT J SPSL = = = —
Zz - | ~ LO I = Ten —
(plop) cid =] hd (=o wo 2 = “29 —
i oe TT— 2S BB) a B= — Oe = fa
== = (= — Lt aNOLnMm | SS i oO ei
= = = I SSR = SH Tw [db] = TE ——
= = IN <MMNN | 2 Se = x—=@O —
= == == <= 3
™ i SC (a ] —
© R= co las (ime (0 io EEE ==
Ell | == = E ==
a ONY SF =
= . ONOOO | = ==
-  Sagme! SS
HOD'A - CO.CC.) , oo
Rigs YAYILLOINW,  WOIAVILIOTEE. _KHOD'A ¥ILLIO0IN Wo ~ WOD'AY ETT

==========================

Processing lines for lottery plays...


PB marker approach found 0 plays, trying consecutive grouping...
Valid numbers: 1, 6, 4, 4, 4, 2, 50, 2, 2, 2, 3, 2, 30, 2, 29, 2, 2, 3

Total plays extracted: 0
    → conf=39%, plays=0
  Trying: rot=180°, PSM=6, preproc=none

=== OCR Text ===
sa : [a fox fe (a fac) soa 1
6 =u  o~owol § Ne
F= | RE
aL — Fas | NONQCO \ 4 Lea E S) —
= Ee | % i = —
<C == l fanlanlan{aa]s sil : bh : o p—
he | AEEECE EE FIER) OR4 Li Bl J f= ——
<L OO === IEC | 4 ae = on —
> SE 2 _50%00 | see —
®) = oy ON COTW re © wo = += Seo
=) =) os Tm [ray] 2D / oi — —
0p) oO == TI =! => (==) STRSS = © 2 ==
LJ 2m eR 3 | ZcnEOoN0 | 2 J oD £30 —
im == = 0, = 0NTNT J SPSL = = = —
Zz - | ~ LO I = Ten —
(plop) cid =] hd (=o wo 2 = “29 —
i oe TT— 2S BB) a B= — Oe = fa
== = (= — Lt aNOLnMm | SS i oO ei
= = = I SSR = SH Tw [db] = TE ——
= = IN <MMNN | 2 Se = x—=@O —
= == == <= 3
™ i SC (a ] —
© R= co las (ime (0 io EEE ==
Ell | == = E ==
a ONY SF =
= . ONOOO | = ==
-  Sagme! SS
HOD'A - CO.CC.) , oo
Rigs YAYILLOINW,  WOIAVILIOTEE. _KHOD'A ¥ILLIO0IN Wo ~ WOD'AY ETT

================


=== Pre-processed Text ===
sa : [a fox fe (a fac) soa 1
6 =u  o~owol § Ne
F= | RE
aL — Fas | NONQCO \ 4 Lea E S) —
= Ee | % i = —
<C == l fanlanlan{aa]s sil : bh : o p—
he | AEEECE EE FIER) OR4 Li Bl J f= ——
<L OO === IEC | 4 ae = on —
> SE 2 _50%00 | see —
®) = oy ON COTW re © wo = += Seo
=) =) os Tm [ray] 2D / oi — —
0p) oO == TI =! => (==) STRSS = © 2 ==
LJ 2m eR 3 | ZcnEOoN0 | 2 J oD £30 —
im == = 0, = 0NTNT J SPSL = = = —
Zz - | ~ LO I = Ten —
(plop) cid =] hd (=o wo 2 = “29 —
i oe TT— 2S BB) a B= — Oe = fa
== = (= — Lt aNOLnMm | SS i oO ei
= = = I SSR = SH Tw [db] = TE ——
= = IN <MMNN | 2 Se = x—=@O —
= == == <= 3
™ i SC (a ] —
© R= co las (ime (0 io EEE ==
Ell | == = E ==
a ONY SF =
= . ONOOO | = ==
-  Sagme! SS
HOD'A - CO.CC.) , oo
Rigs YAYILLOINW,  WOIAVILIOTEE. _KHOD'A ¥ILLIO0IN Wo ~ WOD'AY ETT

==========================

Processing lines for lottery plays...


PB marker approach found 0 plays, trying consecutive grouping...
Valid numbers: 1, 6, 4, 4, 4, 2, 50, 2, 2, 2, 3, 2, 30, 2, 29, 2, 2, 3

Total plays extracted: 0
    → conf=39%, plays=0
  Trying: rot=270°, PSM=3, preproc=none

=== OCR Text ===
|
x
© MINNESOTA
BB
Ww
- POWER®DP
b
o >
| wd
z
&
| SCAN THIS BARCODE TO
B CHECK TICKETS ON LOTTERY APP
0
© BS Fra EA Ot kt IL
1. oCVD-VTDV-DHD#-#348-9C54-R4PH
iol 3132-015877384-129632
~ als SEES
| Z POMER PLAY 0 |
= 06 07 46 59 64 MB 26
b> 22 23 37 38 62H OL 06
| 1307 771 38 40 49m 26
04 05 21 25 27 Sl B05 0
| Boal oo Ao bo 0E
kv MON DEC 15 25
E 30634000 $10.00 = i A
3
| WYM75%-50BRCT-DMHX37-3MVBBK-UXD
| Check your ticket!
x For winning numbers, do to
fe nnlottery.com or visit
Is any lottery retailer.
F
|
bo
Fo .
AA
ad
Zz
> 4

================


=== Pre-processed Text ===
|
x
© MINNESOTA
BB
Ww
- POWER®DP
b
o >
| wd
z
&
| SCAN THIS BARCODE TO
B CHECK TICKETS ON LOTTERY APP
0
© BS Fra EA Ot kt IL
1. oCVD-VTDV-DHD#-#348-9C54-R4PH
iol 31 32-01 58 77 38 4-12 96 32
~ als SEES
| Z POMER PLAY 0 |
= 06 07 46 59 64 PB 26
b> 22 23 37 38 62H OL 06
| 13 07 771 38 40 49 PB 26
04 05 21 25 27 Sl PB 05 0
| Boal oo Ao bo 0E
kv MON DEC 15 25
E 30 63 40 00 $10.00 = i A
3
| WYPB 75%-50BRCT-DMHX37-3MVBBK-UXD
| Check your ticket!
x For winning numbers, do to
fe nnlottery.com or visit
Is any lottery retailer.
F
|
bo
Fo .
AA
ad
Zz
> 4

==========================

Processing lines for lottery plays...

Line 16: "iol 31 32-01 58 77 38 4-12 96 32"
  Valid numbers: 31, 32, 1, 58, 38, 4, 12, 32
  ✗ Invalid powerball: 32
Line 19: "= 06 07 46 59 64 PB 26"
  Valid numbers: 6, 7, 46, 59, 64, 26
  Found PB marker with powerball: 26 at index 5
  ✓ Found play: 6, 7, 46, 59, 64 + PB 26
Line 20: "b> 22 23 37 38 62H OL 06"
  Valid numbers: 22, 23, 37, 38, 62, 6
  ✓ Found play: 22, 23, 37, 38, 62 + PB 6
Line 21: "| 13 07 771 38 40 49 PB 26"
  Valid numbers: 13, 7, 38, 40, 49, 26
  Found PB marker with powerball: 26 at index 5
  ✓ Found play: 7, 13, 38, 40, 49 + PB 26
Line 22: "04 05 21 25 27 Sl PB 05 0"
  Valid numbers: 4, 5, 21, 25, 27, 5
  Found PB marker with powerball: 5 at index 1
  ✓ Found play: 4, 5, 21, 25, 27 + PB 5

Total plays extracted: 4
    → conf=58%, plays=4
  Trying: rot=270°, PSM=6, preproc=none

=== OCR Text ===
|
x
© MINNESOTA
BB
Ww
- POWER®DP
b
o >
| wd
z
&
| SCAN THIS BARCODE TO
B CHECK TICKETS ON LOTTERY APP
0
© BS Fra EA Ot kt IL
1. oCVD-VTDV-DHD#-#348-9C54-R4PH
iol 3132-015877384-129632
~ als SEES
| Z POMER PLAY 0 |
= 06 07 46 59 64 MB 26
b> 22 23 37 38 62H OL 06
| 1307 771 38 40 49m 26
04 05 21 25 27 Sl B05 0
| Boal oo Ao bo 0E
kv MON DEC 15 25
E 30634000 $10.00 = i A
3
| WYM75%-50BRCT-DMHX37-3MVBBK-UXD
| Check your ticket!
x For winning numbers, do to
fe nnlottery.com or visit
Is any lottery retailer.
F
|
bo
Fo .
AA
ad
Zz
> 4

================


=== Pre-processed Text ===
|
x
© MINNESOTA
BB
Ww
- POWER®DP
b
o >
| wd
z
&
| SCAN THIS BARCODE TO
B CHECK TICKETS ON LOTTERY APP
0
© BS Fra EA Ot kt IL
1. oCVD-VTDV-DHD#-#348-9C54-R4PH
iol 31 32-01 58 77 38 4-12 96 32
~ als SEES
| Z POMER PLAY 0 |
= 06 07 46 59 64 PB 26
b> 22 23 37 38 62H OL 06
| 13 07 771 38 40 49 PB 26
04 05 21 25 27 Sl PB 05 0
| Boal oo Ao bo 0E
kv MON DEC 15 25
E 30 63 40 00 $10.00 = i A
3
| WYPB 75%-50BRCT-DMHX37-3MVBBK-UXD
| Check your ticket!
x For winning numbers, do to
fe nnlottery.com or visit
Is any lottery retailer.
F
|
bo
Fo .
AA
ad
Zz
> 4

==========================

Processing lines for lottery plays...

Line 16: "iol 31 32-01 58 77 38 4-12 96 32"
  Valid numbers: 31, 32, 1, 58, 38, 4, 12, 32
  ✗ Invalid powerball: 32
Line 19: "= 06 07 46 59 64 PB 26"
  Valid numbers: 6, 7, 46, 59, 64, 26
  Found PB marker with powerball: 26 at index 5
  ✓ Found play: 6, 7, 46, 59, 64 + PB 26
Line 20: "b> 22 23 37 38 62H OL 06"
  Valid numbers: 22, 23, 37, 38, 62, 6
  ✓ Found play: 22, 23, 37, 38, 62 + PB 6
Line 21: "| 13 07 771 38 40 49 PB 26"
  Valid numbers: 13, 7, 38, 40, 49, 26
  Found PB marker with powerball: 26 at index 5
  ✓ Found play: 7, 13, 38, 40, 49 + PB 26
Line 22: "04 05 21 25 27 Sl PB 05 0"
  Valid numbers: 4, 5, 21, 25, 27, 5
  Found PB marker with powerball: 5 at index 1
  ✓ Found play: 4, 5, 21, 25, 27 + PB 5

Total plays extracted: 4
    → conf=58%, plays=4
✓ Found 6 plays in this stage, stopping

Best result: rot=90°, PSM=3, preproc=none
Confidence: 34%, Plays: 6


✗ FAILED: 0/5 plays correct, found 6 total

Details:
  Play 1: 01 02 10 18 19 PB 11 ✗ Expected: 06 07 46 59 64 PB 26
  Play 2: 01 04 05 10 50 PB 11 ✗ Expected: 22 23 37 38 62 PB 07
  Play 3: 01 02 05 09 46 PB 22 ✗ Expected: 01 11 38 40 49 PB 26
  Play 4: 01 02 08 20 29 PB 08 ✗ Expected: 05 21 25 27 51 PB 05
  Play 5: 04 06 09 21 26 PB 03 ✗ Expected: 04 12 23 46 59 PB 06
  Extra: 01 03 04 08 30 PB 03 ✗

============================================================
Testing: IMG_5888.HEIC
============================================================
Converting HEIC to JPG...
Starting smart multi-attempt OCR...
  Stage: trying 1 rotations × 2 preproc × 2 PSM
  Trying: rot=0°, PSM=3, preproc=none

=== OCR Text ===
MINN! SOTA
P) OW (3), GAL :
CAN THIS BARCULE |
eHECK TICK re ON LOTTERY Af
BHAA RIN EA jaf |
: eyp-\/ TDV-DHORH 148-9054 -RAFH iy
: -015677304-129632 wg
ERAN Ne :
0 08 9% 49 38 G27 0L | pe
003 5 7 38 40 49 PB 28 05 ee ah
TNE 5
EET
; oO 0Es AE Ti 2632 i = | |
WYMT5%-506RCT _OMHX37-3MVEBK-OX 0 :
Check your ticket!
For winning numbers, 90 to oe
~ : aniottary on, oF {er :
\ \ :
\ AAR
| )
/
J

================


=== Pre-processed Text ===
MINN! SOTA
P) OW (3), GAL :
CAN THIS BARCULE |
eHECK TICK re ON LOTTERY Af
BHAA RIN EA jaf |
: eyp-\/ TDV-DHORH 148-90 54 -RAFH iy
: -01 56 77 30 4-12 96 32 wg
ERAN Ne :
0 08 9% 49 38 G27 0L | pe
003 5 7 38 40 49 PB 28 05 ee ah
TNE 5
EET
; oO 0Es AE Ti 26 32 i = | |
WYMT5%-506RCT _OMHX37-3MVEBK-OX 0 :
Check your ticket!
For winning numbers, 90 to oe
~ : aniottary on, oF {er :
\ \ :
\ AAR
| )
/
J

==========================

Processing lines for lottery plays...

Line 6: ": -01 56 77 30 4-12 96 32 wg"
  Valid numbers: 1, 56, 30, 4, 12, 32
  ✗ Invalid powerball: 32
Line 9: "003 5 7 38 40 49 PB 28 05 ee ah"
  Valid numbers: 3, 5, 7, 38, 40, 49, 28, 5
  ✓ Found play: 7, 28, 38, 40, 49 + PB 5

Total plays extracted: 1
    → conf=50%, plays=1
  Trying: rot=0°, PSM=6, preproc=none

=== OCR Text ===
MINN! SOTA
P) OW (3), GAL :
CAN THIS BARCULE |
eHECK TICK re ON LOTTERY Af
BHAA RIN EA jaf |
: eyp-\/ TDV-DHORH 148-9054 -RAFH iy
: -015677304-129632 wg
ERAN Ne :
0 08 9% 49 38 G27 0L | pe
003 5 7 38 40 49 PB 28 05 ee ah
TNE 5
EET
; oO 0Es AE Ti 2632 i = | |
WYMT5%-506RCT _OMHX37-3MVEBK-OX 0 :
Check your ticket!
For winning numbers, 90 to oe
~ : aniottary on, oF {er :
\ \ :
\ AAR
| )
/
J

================


=== Pre-processed Text ===
MINN! SOTA
P) OW (3), GAL :
CAN THIS BARCULE |
eHECK TICK re ON LOTTERY Af
BHAA RIN EA jaf |
: eyp-\/ TDV-DHORH 148-90 54 -RAFH iy
: -01 56 77 30 4-12 96 32 wg
ERAN Ne :
0 08 9% 49 38 G27 0L | pe
003 5 7 38 40 49 PB 28 05 ee ah
TNE 5
EET
; oO 0Es AE Ti 26 32 i = | |
WYMT5%-506RCT _OMHX37-3MVEBK-OX 0 :
Check your ticket!
For winning numbers, 90 to oe
~ : aniottary on, oF {er :
\ \ :
\ AAR
| )
/
J

==========================

Processing lines for lottery plays...

Line 6: ": -01 56 77 30 4-12 96 32 wg"
  Valid numbers: 1, 56, 30, 4, 12, 32
  ✗ Invalid powerball: 32
Line 9: "003 5 7 38 40 49 PB 28 05 ee ah"
  Valid numbers: 3, 5, 7, 38, 40, 49, 28, 5
  ✓ Found play: 7, 28, 38, 40, 49 + PB 5

Total plays extracted: 1
    → conf=50%, plays=1
  Trying: rot=0°, PSM=3, preproc=default
Image too small to scale!! (2x36 vs min width of 3)

=== OCR Text ===
VIINNESOTA
; 2 eg = 5
POW ee” I
CAN TH] AARCODE :
CHECK ITOKETS ON CATTERY APS
wR ARERR AL Hk
oyD-VTDV-DHDA-#346- 54-RAPH |
: 11)-0156773BA-12062 =
| ERAN, :
nt 06 OF 46 59 64 0 26 Wo
002 22 IS] 238 62 fb 07 J6 :
003 01 11 238 40 49 PB 26 WD ZF
004 05 2) o5 21 51 PB OD UW ed
a5 04 12 23 46 Greve 4
=
130634000 $10.00 7 :
| wh | ela
GIA :
WY M75/-506RCT-DMHX3T _3My58K-0X0 :
Check your ticket! |
~— For winning numbers go fo
| lo 5 hao -
A)
A \L:
: {
/
J

================


=== Pre-processed Text ===
VIINNESOTA
; 2 eg = 5
POW ee” I
CAN TH] AARCODE :
CHECK ITOKETS ON CATTERY APS
wR ARERR AL Hk
oyD-VTDV-DHDA-#346- 54-RAPH |
: 11)-01 56 77 3BA-12 06 2 =
| ERAN, :
nt 06 OF 46 59 64 0 26 Wo
002 22 IS] 238 62 fb 07 J6 :
003 01 11 238 40 49 PB 26 WD ZF
004 05 2) o5 21 51 PB OD UW ed
a5 04 12 23 46 Greve 4
=
13 06 34 00 0 $10.00 7 :
| wh | ela
GIA :
WY PB 75/-506RCT-DMHX3T _3My58K-0X0 :
Check your ticket! |
~— For winning numbers go fo
| lo 5 hao -
A)
A \L:
: {
/
J

==========================

Processing lines for lottery plays...

Line 7: ": 11)-01 56 77 3BA-12 06 2 ="
  Valid numbers: 11, 1, 56, 3, 12, 6, 2
  ✓ Found play: 1, 3, 6, 12, 56 + PB 2
Line 11: "003 01 11 238 40 49 PB 26 WD ZF"
  Valid numbers: 3, 1, 11, 40, 49, 26
  Found PB marker with powerball: 26 at index 5
  ✓ Found play: 1, 3, 11, 40, 49 + PB 26
Line 12: "004 05 2) o5 21 51 PB OD UW ed"
  Valid numbers: 4, 5, 2, 5, 21, 51
  ✗ White balls not unique: 4, 5, 2, 5, 21
Line 13: "a5 04 12 23 46 Greve 4"
  Valid numbers: 5, 4, 12, 23, 46, 4
  ✓ Found play: 4, 5, 12, 23, 46 + PB 4

Total plays extracted: 3
    → conf=52%, plays=3
  Trying: rot=0°, PSM=6, preproc=default
Line cannot be recognized!!
Image too small to scale!! (2x36 vs min width of 3)

=== OCR Text ===
VIINNESOTA
; 2 eg = 5
POW ee” I
CAN TH] AARCODE :
CHECK ITOKETS ON CATTERY APS
wR ARERR AL Hk
oyD-VTDV-DHDA-#346- 54-RAPH |
: 11)-0156773BA-12062 =
| ERAN, :
nt 06 OF 46 59 64 0 26 Wo
002 22 IS] 238 62 fb 07 J6 :
003 01 11 238 40 49 PB 26 WD ZF
004 05 2) o5 21 51 PB OD UW ed
a5 04 12 23 46 Greve 4
=
130634000 $10.00 7 :
| wh | ela
GIA :
WY M75/-506RCT-DMHX3T _3My58K-0X0 :
Check your ticket! |
~— For winning numbers go fo
| lo 5 hao -
A)
A \L:
: {
/
J

================


=== Pre-processed Text ===
VIINNESOTA
; 2 eg = 5
POW ee” I
CAN TH] AARCODE :
CHECK ITOKETS ON CATTERY APS
wR ARERR AL Hk
oyD-VTDV-DHDA-#346- 54-RAPH |
: 11)-01 56 77 3BA-12 06 2 =
| ERAN, :
nt 06 OF 46 59 64 0 26 Wo
002 22 IS] 238 62 fb 07 J6 :
003 01 11 238 40 49 PB 26 WD ZF
004 05 2) o5 21 51 PB OD UW ed
a5 04 12 23 46 Greve 4
=
13 06 34 00 0 $10.00 7 :
| wh | ela
GIA :
WY PB 75/-506RCT-DMHX3T _3My58K-0X0 :
Check your ticket! |
~— For winning numbers go fo
| lo 5 hao -
A)
A \L:
: {
/
J

==========================

Processing lines for lottery plays...

Line 7: ": 11)-01 56 77 3BA-12 06 2 ="
  Valid numbers: 11, 1, 56, 3, 12, 6, 2
  ✓ Found play: 1, 3, 6, 12, 56 + PB 2
Line 11: "003 01 11 238 40 49 PB 26 WD ZF"
  Valid numbers: 3, 1, 11, 40, 49, 26
  Found PB marker with powerball: 26 at index 5
  ✓ Found play: 1, 3, 11, 40, 49 + PB 26
Line 12: "004 05 2) o5 21 51 PB OD UW ed"
  Valid numbers: 4, 5, 2, 5, 21, 51
  ✗ White balls not unique: 4, 5, 2, 5, 21
Line 13: "a5 04 12 23 46 Greve 4"
  Valid numbers: 5, 4, 12, 23, 46, 4
  ✓ Found play: 4, 5, 12, 23, 46 + PB 4

Total plays extracted: 3
    → conf=52%, plays=3
✓ Found 3 plays in this stage, stopping

Best result: rot=0°, PSM=3, preproc=default
Confidence: 52%, Plays: 3


✗ FAILED: 0/5 plays correct, found 3 total

Details:
  Play 1: 01 03 06 12 56 PB 02 ✗ Expected: 06 07 46 59 64 PB 26
  Play 2: 01 03 11 40 49 PB 26 ✗ Expected: 22 23 37 38 62 PB 07
  Play 3: 04 05 12 23 46 PB 04 ✗ Expected: 01 11 38 40 49 PB 26
  Play 4: MISSING ✗ Expected: 05 21 25 27 51 PB 05
  Play 5: MISSING ✗ Expected: 04 12 23 46 59 PB 06


============================================================
FINAL RESULTS
============================================================
Total images tested: 9
Passed: 0
Failed: 9
Success rate: 0%

Failed images:
  - 7C9E3D7E-BD6B-43A5-8300-54B6A09F5CB2.JPG: 1/5 correct
  - IMG_5881.HEIC: 3/5 correct
  - IMG_5882.HEIC: 0/5 correct
  - IMG_5883.HEIC: 0/5 correct
  - IMG_5884.HEIC: 0/5 correct
  - IMG_5885.HEIC: 0/5 correct
  - IMG_5886.HEIC: 1/5 correct
  - IMG_5887.HEIC: 0/5 correct
  - IMG_5888.HEIC: 0/5 correct
============================================================

